[0.022s][info][gc] Using Serial
[0.537s][info][gc] GC(0) Pause Young (Allocation Failure) 4M->2M(15M) 7.453ms
[6.909s][info][gc] GC(1) Pause Young (Allocation Failure) 6M->3M(15M) 6.174ms
[7.065s][info][gc] GC(2) Pause Young (Allocation Failure) 8M->4M(15M) 3.931ms
[7.138s][info][gc] GC(3) Pause Young (Allocation Failure) 8M->5M(15M) 4.217ms
[7.650s][info][gc] GC(4) Pause Young (Allocation Failure) 9M->6M(15M) 4.224ms
[16.025s][info][gc] GC(5) Pause Young (Allocation Failure) 10M->6M(15M) 4.526ms
[17.902s][info][gc] GC(6) Pause Full (Heap Dump Initiated GC) 7M->5M(15M) 17.954ms
[51.029s][info][gc] GC(7) Pause Young (Allocation Failure) 10M->5M(15M) 1.166ms
[68.178s][info][gc] GC(8) Pause Young (Allocation Failure) 10M->7M(15M) 4.878ms
[68.218s][info][gc] GC(9) Pause Young (Allocation Failure) 12M->15M(15M) 9.747ms
[68.247s][info][gc] GC(10) Pause Full (Allocation Failure) 15M->10M(15M) 28.968ms
[68.309s][info][gc] GC(11) Pause Full (Allocation Failure) 15M->10M(15M) 26.736ms
[69.006s][info][gc] GC(12) Pause Young (Allocation Failure) 14M->14M(15M) 0.044ms
[69.034s][info][gc] GC(13) Pause Full (Allocation Failure) 14M->9M(15M) 27.740ms
[104.457s][info][gc] GC(14) Pause Young (Allocation Failure) 13M->13M(15M) 0.056ms
[104.474s][info][gc] GC(15) Pause Full (Allocation Failure) 13M->5M(15M) 16.927ms
[142.904s][info][gc] GC(16) Pause Young (Allocation Failure) 10M->6M(15M) 1.177ms
[142.934s][info][gc] GC(17) Pause Young (Allocation Failure) 10M->10M(15M) 5.548ms
[142.952s][info][gc] GC(18) Pause Young (Allocation Failure) 14M->14M(15M) 0.044ms
[142.995s][info][gc] GC(19) Pause Full (Allocation Failure) 14M->12M(15M) 42.541ms
[143.040s][info][gc] GC(20) Pause Full (Allocation Failure) 15M->8M(15M) 21.838ms
[143.085s][info][gc] GC(21) Pause Young (Allocation Failure) 12M->12M(15M) 0.067ms
[143.118s][info][gc] GC(22) Pause Full (Allocation Failure) 12M->9M(15M) 33.130ms
[143.135s][info][gc] GC(23) Pause Young (Allocation Failure) 13M->13M(15M) 0.064ms
[143.170s][info][gc] GC(24) Pause Full (Allocation Failure) 13M->9M(15M) 34.617ms
[149.037s][info][gc] GC(25) Pause Young (Allocation Failure) 14M->14M(15M) 0.044ms
[149.061s][info][gc] GC(26) Pause Full (Allocation Failure) 14M->9M(15M) 24.226ms
[191.049s][info][gc] GC(27) Pause Young (Allocation Failure) 13M->13M(15M) 0.063ms
[191.069s][info][gc] GC(28) Pause Full (Allocation Failure) 13M->5M(15M) 19.672ms
[230.956s][info][gc] GC(29) Pause Young (Allocation Failure) 10M->6M(15M) 0.711ms
[230.972s][info][gc] GC(30) Pause Young (Allocation Failure) 10M->10M(15M) 5.437ms
[230.982s][info][gc] GC(31) Pause Young (Allocation Failure) 14M->14M(15M) 0.043ms
[231.017s][info][gc] GC(32) Pause Full (Allocation Failure) 14M->12M(15M) 34.594ms
[231.058s][info][gc] GC(33) Pause Full (Allocation Failure) 15M->15M(15M) 32.237ms
[231.096s][info][gc] GC(34) Pause Full (Allocation Failure) 15M->15M(15M) 31.251ms
[231.136s][info][gc] GC(35) Pause Full (Allocation Failure) 15M->12M(15M) 37.222ms
[231.173s][info][gc] GC(36) Pause Full (Allocation Failure) 15M->8M(15M) 24.233ms
[236.670s][info][gc] GC(37) Pause Young (Allocation Failure) 12M->12M(15M) 0.058ms
[236.709s][info][gc] GC(38) Pause Full (Allocation Failure) 12M->9M(15M) 38.844ms
[279.099s][info][gc] GC(39) Pause Young (Allocation Failure) 13M->13M(15M) 0.043ms
[279.117s][info][gc] GC(40) Pause Full (Allocation Failure) 13M->5M(15M) 18.183ms
[320.732s][info][gc] GC(41) Pause Young (Allocation Failure) 10M->5M(15M) 0.491ms
[363.785s][info][gc] GC(42) Pause Young (Allocation Failure) 10M->5M(15M) 0.557ms
[406.814s][info][gc] GC(43) Pause Young (Allocation Failure) 10M->5M(15M) 0.485ms
[449.851s][info][gc] GC(44) Pause Young (Allocation Failure) 10M->5M(15M) 0.466ms
[493.172s][info][gc] GC(45) Pause Young (Allocation Failure) 10M->5M(15M) 0.510ms
[536.913s][info][gc] GC(46) Pause Young (Allocation Failure) 10M->5M(15M) 0.544ms
[580.197s][info][gc] GC(47) Pause Young (Allocation Failure) 10M->5M(15M) 0.425ms
[622.970s][info][gc] GC(48) Pause Young (Allocation Failure) 10M->6M(15M) 0.542ms
[667.231s][info][gc] GC(49) Pause Young (Allocation Failure) 10M->5M(15M) 0.481ms
[711.247s][info][gc] GC(50) Pause Young (Allocation Failure) 10M->5M(15M) 0.494ms
[756.068s][info][gc] GC(51) Pause Young (Allocation Failure) 10M->5M(15M) 0.557ms
[800.100s][info][gc] GC(52) Pause Young (Allocation Failure) 10M->5M(15M) 0.515ms
[844.289s][info][gc] GC(53) Pause Young (Allocation Failure) 10M->5M(15M) 0.433ms
[889.165s][info][gc] GC(54) Pause Young (Allocation Failure) 10M->5M(15M) 0.566ms
[932.195s][info][gc] GC(55) Pause Young (Allocation Failure) 10M->6M(15M) 0.579ms
[976.332s][info][gc] GC(56) Pause Young (Allocation Failure) 10M->5M(15M) 0.479ms
[1021.256s][info][gc] GC(57) Pause Young (Allocation Failure) 10M->5M(15M) 0.606ms
[1065.282s][info][gc] GC(58) Pause Young (Allocation Failure) 10M->5M(15M) 0.496ms
[1109.309s][info][gc] GC(59) Pause Young (Allocation Failure) 10M->6M(15M) 0.487ms
[1154.351s][info][gc] GC(60) Pause Young (Allocation Failure) 10M->5M(15M) 0.512ms
[1198.397s][info][gc] GC(61) Pause Young (Allocation Failure) 10M->5M(15M) 0.386ms
[1240.425s][info][gc] GC(62) Pause Young (Allocation Failure) 10M->6M(15M) 0.609ms
[1282.457s][info][gc] GC(63) Pause Young (Allocation Failure) 10M->6M(15M) 0.570ms
[1325.480s][info][gc] GC(64) Pause Young (Allocation Failure) 10M->6M(15M) 0.508ms
[1369.512s][info][gc] GC(65) Pause Young (Allocation Failure) 10M->6M(15M) 0.560ms
[1413.546s][info][gc] GC(66) Pause Young (Allocation Failure) 10M->6M(15M) 0.552ms
[1458.480s][info][gc] GC(67) Pause Young (Allocation Failure) 10M->6M(15M) 0.399ms
[1502.603s][info][gc] GC(68) Pause Young (Allocation Failure) 10M->6M(15M) 0.590ms
[1545.636s][info][gc] GC(69) Pause Young (Allocation Failure) 10M->6M(15M) 0.590ms
[1590.540s][info][gc] GC(70) Pause Young (Allocation Failure) 10M->6M(15M) 0.450ms
[1634.697s][info][gc] GC(71) Pause Young (Allocation Failure) 10M->6M(15M) 0.541ms
[1678.729s][info][gc] GC(72) Pause Young (Allocation Failure) 10M->6M(15M) 0.675ms
[1723.586s][info][gc] GC(73) Pause Young (Allocation Failure) 10M->6M(15M) 0.437ms
[1767.795s][info][gc] GC(74) Pause Young (Allocation Failure) 10M->6M(15M) 0.540ms
[1810.824s][info][gc] GC(75) Pause Young (Allocation Failure) 10M->6M(15M) 0.433ms
[1855.865s][info][gc] GC(76) Pause Young (Allocation Failure) 10M->6M(15M) 0.635ms
[1899.907s][info][gc] GC(77) Pause Young (Allocation Failure) 10M->6M(15M) 0.541ms
[1944.938s][info][gc] GC(78) Pause Young (Allocation Failure) 10M->6M(15M) 0.437ms
[1989.966s][info][gc] GC(79) Pause Young (Allocation Failure) 10M->6M(15M) 0.454ms
[2034.675s][info][gc] GC(80) Pause Young (Allocation Failure) 10M->6M(15M) 0.443ms
[2079.686s][info][gc] GC(81) Pause Young (Allocation Failure) 10M->6M(15M) 0.357ms
[2123.698s][info][gc] GC(82) Pause Young (Allocation Failure) 10M->6M(15M) 0.385ms
[2168.709s][info][gc] GC(83) Pause Young (Allocation Failure) 10M->6M(15M) 0.365ms
[2213.727s][info][gc] GC(84) Pause Young (Allocation Failure) 10M->6M(15M) 0.397ms
[2239.428s][info][gc] GC(85) Pause Young (Allocation Failure) 9M->6M(15M) 1.184ms
[2239.543s][info][gc] GC(86) Pause Young (Allocation Failure) 10M->8M(15M) 3.929ms
[2239.575s][info][gc] GC(87) Pause Young (Allocation Failure) 12M->8M(15M) 1.802ms
[2239.588s][info][gc] GC(88) Pause Young (Allocation Failure) 12M->9M(15M) 0.859ms
[2239.604s][info][gc] GC(89) Pause Young (Allocation Failure) 13M->9M(15M) 0.868ms
[2239.612s][info][gc] GC(90) Pause Young (Allocation Failure) 14M->10M(15M) 0.930ms
[2239.621s][info][gc] GC(91) Pause Young (Allocation Failure) 14M->14M(15M) 0.045ms
[2239.650s][info][gc] GC(92) Pause Full (Allocation Failure) 14M->10M(15M) 28.680ms
[2239.681s][info][gc] GC(93) Pause Young (Allocation Failure) 14M->14M(15M) 0.044ms
[2239.702s][info][gc] GC(94) Pause Full (Allocation Failure) 14M->10M(15M) 21.258ms
[2239.714s][info][gc] GC(95) Pause Young (Allocation Failure) 14M->14M(15M) 0.049ms
[2239.730s][info][gc] GC(96) Pause Full (Allocation Failure) 14M->11M(15M) 15.873ms
[2239.753s][info][gc] GC(97) Pause Full (Allocation Failure) 15M->11M(15M) 17.221ms
[2239.774s][info][gc] GC(98) Pause Full (Allocation Failure) 15M->12M(15M) 16.902ms
[2239.798s][info][gc] GC(99) Pause Full (Allocation Failure) 15M->12M(15M) 19.134ms
[2239.818s][info][gc] GC(100) Pause Full (Allocation Failure) 15M->13M(15M) 16.521ms
[2239.837s][info][gc] GC(101) Pause Full (Allocation Failure) 15M->13M(15M) 17.670ms
[2239.856s][info][gc] GC(102) Pause Full (Allocation Failure) 15M->13M(15M) 17.408ms
[2239.877s][info][gc] GC(103) Pause Full (Allocation Failure) 15M->14M(15M) 18.141ms
[2239.895s][info][gc] GC(104) Pause Full (Allocation Failure) 15M->14M(15M) 16.722ms
[2239.914s][info][gc] GC(105) Pause Full (Allocation Failure) 15M->14M(15M) 17.945ms
[2239.934s][info][gc] GC(106) Pause Full (Allocation Failure) 15M->14M(15M) 18.978ms
[2239.957s][info][gc] GC(107) Pause Full (Allocation Failure) 15M->14M(15M) 21.820ms
[2239.976s][info][gc] GC(108) Pause Full (Allocation Failure) 15M->14M(15M) 17.793ms
[2239.993s][info][gc] GC(109) Pause Full (Allocation Failure) 15M->14M(15M) 16.091ms
[2240.010s][info][gc] GC(110) Pause Full (Allocation Failure) 15M->15M(15M) 16.222ms
[2240.031s][info][gc] GC(111) Pause Full (Allocation Failure) 15M->14M(15M) 20.964ms
[2240.049s][info][gc] GC(112) Pause Full (Allocation Failure) 15M->14M(15M) 15.899ms
[2240.066s][info][gc] GC(113) Pause Full (Allocation Failure) 15M->15M(15M) 16.153ms
[2240.083s][info][gc] GC(114) Pause Full (Allocation Failure) 15M->15M(15M) 16.220ms
[2240.101s][info][gc] GC(115) Pause Full (Allocation Failure) 15M->15M(15M) 16.860ms
[2240.117s][info][gc] GC(116) Pause Full (Allocation Failure) 15M->15M(15M) 15.619ms
[2240.133s][info][gc] GC(117) Pause Full (Allocation Failure) 15M->15M(15M) 15.135ms
[2240.150s][info][gc] GC(118) Pause Full (Allocation Failure) 15M->15M(15M) 16.672ms
[2240.169s][info][gc] GC(119) Pause Full (Allocation Failure) 15M->15M(15M) 18.223ms
[2240.184s][info][gc] GC(120) Pause Full (Allocation Failure) 15M->15M(15M) 15.284ms
[2240.200s][info][gc] GC(121) Pause Full (Allocation Failure) 15M->15M(15M) 15.917ms
[2240.216s][info][gc] GC(122) Pause Full (Allocation Failure) 15M->15M(15M) 15.271ms
[2240.232s][info][gc] GC(123) Pause Full (Allocation Failure) 15M->15M(15M) 15.208ms
[2240.247s][info][gc] GC(124) Pause Full (Allocation Failure) 15M->15M(15M) 14.928ms
[2240.263s][info][gc] GC(125) Pause Full (Allocation Failure) 15M->15M(15M) 15.362ms
[2240.279s][info][gc] GC(126) Pause Full (Allocation Failure) 15M->15M(15M) 15.610ms
[2240.296s][info][gc] GC(127) Pause Full (Allocation Failure) 15M->15M(15M) 17.315ms
[2240.312s][info][gc] GC(128) Pause Full (Allocation Failure) 15M->15M(15M) 15.970ms
[2240.331s][info][gc] GC(129) Pause Full (Allocation Failure) 15M->7M(15M) 17.544ms
[2248.745s][info][gc] GC(130) Pause Young (Allocation Failure) 11M->8M(15M) 0.994ms
[2285.179s][info][gc] GC(131) Pause Young (Allocation Failure) 12M->8M(15M) 0.865ms
