[0.022s][info][gc] Using Serial
[0.378s][info][gc] GC(0) Pause Young (Allocation Failure) 4M->2M(15M) 4.752ms
[3.941s][info][gc] GC(1) Pause Young (Allocation Failure) 6M->3M(15M) 9.251ms
[4.140s][info][gc] GC(2) Pause Young (Allocation Failure) 8M->4M(15M) 4.683ms
[4.222s][info][gc] GC(3) Pause Young (Allocation Failure) 8M->5M(15M) 5.242ms
[5.154s][info][gc] GC(4) Pause Young (Allocation Failure) 9M->6M(15M) 6.858ms
[12.479s][info][gc] GC(5) Pause Young (Allocation Failure) 10M->6M(15M) 5.764ms
[37.988s][info][gc] GC(6) Pause Young (Allocation Failure) 11M->6M(15M) 3.100ms
[38.010s][info][gc] GC(7) Pause Young (Allocation Failure) 11M->6M(15M) 0.638ms
[38.020s][info][gc] GC(8) Pause Young (Allocation Failure) 11M->6M(15M) 0.824ms
[38.029s][info][gc] GC(9) Pause Young (Allocation Failure) 11M->6M(15M) 0.671ms
[38.039s][info][gc] GC(10) Pause Young (Allocation Failure) 11M->6M(15M) 0.691ms
[38.049s][info][gc] GC(11) Pause Young (Allocation Failure) 11M->6M(15M) 0.659ms
[38.059s][info][gc] GC(12) Pause Young (Allocation Failure) 11M->6M(15M) 0.641ms
[38.067s][info][gc] GC(13) Pause Young (Allocation Failure) 11M->6M(15M) 0.750ms
[54.659s][info][gc] GC(14) Pause Young (Allocation Failure) 11M->6M(15M) 1.011ms
[84.280s][info][gc] GC(15) Pause Young (Allocation Failure) 11M->6M(15M) 0.934ms
[84.293s][info][gc] GC(16) Pause Young (Allocation Failure) 11M->6M(15M) 0.847ms
[84.305s][info][gc] GC(17) Pause Young (Allocation Failure) 11M->6M(15M) 1.060ms
[84.315s][info][gc] GC(18) Pause Young (Allocation Failure) 11M->6M(15M) 1.151ms
[84.326s][info][gc] GC(19) Pause Young (Allocation Failure) 11M->6M(15M) 1.292ms
[84.334s][info][gc] GC(20) Pause Young (Allocation Failure) 11M->6M(15M) 1.212ms
[84.341s][info][gc] GC(21) Pause Young (Allocation Failure) 11M->6M(15M) 0.876ms
[84.344s][info][gc] GC(22) Pause Young (Allocation Failure) 11M->6M(15M) 0.480ms
[84.348s][info][gc] GC(23) Pause Young (Allocation Failure) 11M->6M(15M) 0.566ms
[84.352s][info][gc] GC(24) Pause Young (Allocation Failure) 11M->6M(15M) 0.479ms
[84.355s][info][gc] GC(25) Pause Young (Allocation Failure) 11M->6M(15M) 0.590ms
[84.359s][info][gc] GC(26) Pause Young (Allocation Failure) 11M->6M(15M) 0.472ms
[84.363s][info][gc] GC(27) Pause Young (Allocation Failure) 11M->6M(15M) 0.548ms
[84.367s][info][gc] GC(28) Pause Young (Allocation Failure) 11M->6M(15M) 0.585ms
[84.370s][info][gc] GC(29) Pause Young (Allocation Failure) 11M->6M(15M) 0.461ms
[84.374s][info][gc] GC(30) Pause Young (Allocation Failure) 11M->6M(15M) 0.457ms
[115.710s][info][gc] GC(31) Pause Young (Allocation Failure) 11M->6M(15M) 0.762ms
[120.722s][info][gc] GC(32) Pause Young (Allocation Failure) 11M->6M(15M) 0.741ms
[120.729s][info][gc] GC(33) Pause Young (Allocation Failure) 11M->6M(15M) 0.790ms
[120.734s][info][gc] GC(34) Pause Young (Allocation Failure) 11M->6M(15M) 0.769ms
[120.740s][info][gc] GC(35) Pause Young (Allocation Failure) 11M->6M(15M) 0.779ms
[120.745s][info][gc] GC(36) Pause Young (Allocation Failure) 11M->6M(15M) 0.535ms
[120.751s][info][gc] GC(37) Pause Young (Allocation Failure) 11M->6M(15M) 0.723ms
[120.756s][info][gc] GC(38) Pause Young (Allocation Failure) 11M->6M(15M) 0.510ms
[120.760s][info][gc] GC(39) Pause Young (Allocation Failure) 11M->6M(15M) 0.555ms
[120.764s][info][gc] GC(40) Pause Young (Allocation Failure) 11M->6M(15M) 0.575ms
[120.768s][info][gc] GC(41) Pause Young (Allocation Failure) 11M->7M(15M) 0.770ms
[120.774s][info][gc] GC(42) Pause Young (Allocation Failure) 11M->6M(15M) 0.769ms
[120.779s][info][gc] GC(43) Pause Young (Allocation Failure) 11M->7M(15M) 0.820ms
[120.783s][info][gc] GC(44) Pause Young (Allocation Failure) 11M->6M(15M) 0.578ms
[120.788s][info][gc] GC(45) Pause Young (Allocation Failure) 11M->6M(15M) 0.566ms
[120.792s][info][gc] GC(46) Pause Young (Allocation Failure) 11M->6M(15M) 0.531ms
[120.795s][info][gc] GC(47) Pause Young (Allocation Failure) 11M->7M(15M) 0.658ms
[120.800s][info][gc] GC(48) Pause Young (Allocation Failure) 11M->6M(15M) 0.504ms
[120.804s][info][gc] GC(49) Pause Young (Allocation Failure) 11M->7M(15M) 0.560ms
[120.808s][info][gc] GC(50) Pause Young (Allocation Failure) 11M->6M(15M) 0.454ms
[120.811s][info][gc] GC(51) Pause Young (Allocation Failure) 11M->6M(15M) 0.402ms
[120.816s][info][gc] GC(52) Pause Young (Allocation Failure) 11M->7M(15M) 0.434ms
[120.820s][info][gc] GC(53) Pause Young (Allocation Failure) 11M->6M(15M) 0.425ms
[120.823s][info][gc] GC(54) Pause Young (Allocation Failure) 11M->6M(15M) 0.395ms
[120.826s][info][gc] GC(55) Pause Young (Allocation Failure) 11M->6M(15M) 0.423ms
[120.830s][info][gc] GC(56) Pause Young (Allocation Failure) 11M->6M(15M) 0.481ms
[120.833s][info][gc] GC(57) Pause Young (Allocation Failure) 11M->6M(15M) 0.422ms
[120.837s][info][gc] GC(58) Pause Young (Allocation Failure) 11M->6M(15M) 0.355ms
[120.841s][info][gc] GC(59) Pause Young (Allocation Failure) 11M->6M(15M) 0.392ms
[120.845s][info][gc] GC(60) Pause Young (Allocation Failure) 11M->7M(15M) 0.452ms
[120.848s][info][gc] GC(61) Pause Young (Allocation Failure) 11M->7M(15M) 0.430ms
[120.852s][info][gc] GC(62) Pause Young (Allocation Failure) 11M->7M(15M) 0.422ms
[120.855s][info][gc] GC(63) Pause Young (Allocation Failure) 11M->7M(15M) 0.425ms
[120.859s][info][gc] GC(64) Pause Young (Allocation Failure) 11M->7M(15M) 0.411ms
[120.862s][info][gc] GC(65) Pause Young (Allocation Failure) 11M->7M(15M) 0.400ms
[120.866s][info][gc] GC(66) Pause Young (Allocation Failure) 11M->6M(15M) 0.375ms
[120.870s][info][gc] GC(67) Pause Young (Allocation Failure) 11M->7M(15M) 0.422ms
[120.873s][info][gc] GC(68) Pause Young (Allocation Failure) 11M->6M(15M) 0.378ms
[120.877s][info][gc] GC(69) Pause Young (Allocation Failure) 11M->6M(15M) 0.387ms
[139.716s][info][gc] GC(70) Pause Young (Allocation Failure) 11M->7M(15M) 0.679ms
