[0.022s][info][gc] Using Parallel
[0.418s][info][gc] GC(0) Pause Young (Allocation Failure) 3M->1M(11M) 46.750ms
[5.078s][info][gc] GC(1) Pause Young (Allocation Failure) 4M->3M(11M) 3.088ms
[5.185s][info][gc] GC(2) Pause Young (Allocation Failure) 6M->3M(11M) 3.171ms
[5.313s][info][gc] GC(3) Pause Young (Allocation Failure) 6M->4M(11M) 4.021ms
[5.371s][info][gc] GC(4) Pause Young (Allocation Failure) 7M->5M(11M) 4.796ms
[5.452s][info][gc] GC(5) Pause Young (Allocation Failure) 8M->5M(10M) 2.544ms
[10.665s][info][gc] GC(6) Pause Young (Allocation Failure) 7M->6M(11M) 2.644ms
[10.878s][info][gc] GC(7) Pause Young (Allocation Failure) 8M->6M(11M) 2.926ms
[10.997s][info][gc] GC(8) Pause Young (Allocation Failure) 8M->7M(11M) 2.595ms
[11.019s][info][gc] GC(9) Pause Full (Ergonomics) 7M->5M(11M) 21.788ms
[20.053s][info][gc] GC(10) Pause Young (Allocation Failure) 7M->5M(11M) 0.765ms
[28.048s][info][gc] GC(11) Pause Young (Allocation Failure) 7M->6M(11M) 0.796ms
[28.070s][info][gc] GC(12) Pause Full (Ergonomics) 6M->6M(11M) 22.510ms
[35.079s][info][gc] GC(13) Pause Full (Ergonomics) 8M->6M(11M) 22.527ms
[36.149s][info][gc] GC(14) Pause Full (Ergonomics) 8M->6M(11M) 14.215ms
[37.981s][info][gc] GC(15) Pause Full (Ergonomics) 8M->6M(11M) 13.544ms
[38.982s][info][gc] GC(16) Pause Full (Ergonomics) 8M->6M(11M) 13.803ms
[40.076s][info][gc] GC(17) Pause Full (Ergonomics) 8M->6M(11M) 18.096ms
[41.073s][info][gc] GC(18) Pause Full (Ergonomics) 8M->6M(11M) 14.567ms
[42.078s][info][gc] GC(19) Pause Full (Ergonomics) 8M->6M(11M) 16.296ms
[42.982s][info][gc] GC(20) Pause Full (Ergonomics) 8M->6M(11M) 13.836ms
[47.069s][info][gc] GC(21) Pause Full (Ergonomics) 8M->6M(11M) 15.090ms
[49.338s][info][gc] GC(22) Pause Full (Ergonomics) 8M->7M(11M) 15.967ms
[49.371s][info][gc] GC(23) Pause Full (Ergonomics) 9M->7M(11M) 17.053ms
[49.399s][info][gc] GC(24) Pause Full (Ergonomics) 9M->7M(11M) 15.357ms
[49.418s][info][gc] GC(25) Pause Full (Ergonomics) 9M->7M(11M) 14.406ms
[49.437s][info][gc] GC(26) Pause Full (Ergonomics) 9M->7M(11M) 15.129ms
[49.456s][info][gc] GC(27) Pause Full (Ergonomics) 9M->7M(11M) 15.512ms
[49.485s][info][gc] GC(28) Pause Full (Ergonomics) 9M->7M(11M) 24.335ms
[49.515s][info][gc] GC(29) Pause Full (Ergonomics) 9M->7M(11M) 23.911ms
[49.533s][info][gc] GC(30) Pause Full (Ergonomics) 9M->7M(11M) 13.670ms
[49.554s][info][gc] GC(31) Pause Full (Ergonomics) 9M->7M(11M) 18.184ms
[49.577s][info][gc] GC(32) Pause Full (Ergonomics) 9M->7M(11M) 18.928ms
[49.595s][info][gc] GC(33) Pause Full (Ergonomics) 9M->7M(11M) 14.149ms
[49.616s][info][gc] GC(34) Pause Full (Ergonomics) 9M->7M(11M) 17.203ms
[49.639s][info][gc] GC(35) Pause Full (Ergonomics) 9M->7M(11M) 18.457ms
[59.088s][info][gc] GC(36) Pause Full (Ergonomics) 9M->6M(11M) 14.117ms
[77.109s][info][gc] GC(37) Pause Full (Ergonomics) 8M->6M(11M) 14.919ms
[96.120s][info][gc] GC(38) Pause Full (Ergonomics) 8M->6M(11M) 14.416ms
[115.134s][info][gc] GC(39) Pause Full (Ergonomics) 8M->6M(11M) 14.203ms
[134.143s][info][gc] GC(40) Pause Full (Ergonomics) 8M->6M(11M) 13.389ms
[153.156s][info][gc] GC(41) Pause Full (Ergonomics) 8M->6M(11M) 12.553ms
[173.168s][info][gc] GC(42) Pause Full (Ergonomics) 8M->6M(11M) 12.688ms
[190.875s][info][gc] GC(43) Pause Young (Allocation Failure) 7M->6M(11M) 0.360ms
[190.893s][info][gc] GC(44) Pause Full (Ergonomics) 6M->6M(11M) 18.209ms
[195.116s][info][gc] GC(45) Pause Young (Allocation Failure) 8M->7M(11M) 0.716ms
[195.135s][info][gc] GC(46) Pause Full (Ergonomics) 7M->7M(11M) 19.609ms
[214.199s][info][gc] GC(47) Pause Full (Ergonomics) 9M->7M(11M) 16.039ms
[234.205s][info][gc] GC(48) Pause Full (Ergonomics) 9M->7M(11M) 12.681ms
[253.228s][info][gc] GC(49) Pause Full (Ergonomics) 9M->7M(11M) 15.275ms
[273.230s][info][gc] GC(50) Pause Full (Ergonomics) 9M->7M(11M) 14.075ms
[291.240s][info][gc] GC(51) Pause Full (Ergonomics) 9M->7M(11M) 13.424ms
[310.870s][info][gc] GC(52) Pause Full (Ergonomics) 9M->7M(11M) 14.284ms
[328.261s][info][gc] GC(53) Pause Full (Ergonomics) 9M->6M(11M) 13.863ms
[348.272s][info][gc] GC(54) Pause Full (Ergonomics) 8M->6M(11M) 16.653ms
[367.288s][info][gc] GC(55) Pause Full (Ergonomics) 8M->6M(11M) 18.992ms
[387.294s][info][gc] GC(56) Pause Full (Ergonomics) 8M->6M(11M) 13.552ms
[405.306s][info][gc] GC(57) Pause Full (Ergonomics) 8M->6M(11M) 14.583ms
[424.320s][info][gc] GC(58) Pause Full (Ergonomics) 8M->6M(11M) 13.320ms
[444.320s][info][gc] GC(59) Pause Full (Ergonomics) 8M->6M(11M) 12.955ms
[460.343s][info][gc] GC(60) Pause Full (Ergonomics) 8M->6M(11M) 12.985ms
[479.362s][info][gc] GC(61) Pause Full (Ergonomics) 8M->6M(11M) 16.266ms
[489.367s][info][gc] GC(62) Pause Full (Ergonomics) 8M->7M(11M) 15.098ms
[508.376s][info][gc] GC(63) Pause Full (Ergonomics) 9M->6M(11M) 14.609ms
[528.387s][info][gc] GC(64) Pause Full (Ergonomics) 8M->6M(11M) 13.086ms
[548.401s][info][gc] GC(65) Pause Full (Ergonomics) 8M->6M(11M) 13.178ms
[568.415s][info][gc] GC(66) Pause Full (Ergonomics) 8M->6M(11M) 15.717ms
[588.425s][info][gc] GC(67) Pause Full (Ergonomics) 8M->6M(11M) 12.864ms
[608.439s][info][gc] GC(68) Pause Full (Ergonomics) 8M->6M(11M) 15.718ms
[628.369s][info][gc] GC(69) Pause Full (Ergonomics) 8M->6M(11M) 16.308ms
[648.461s][info][gc] GC(70) Pause Full (Ergonomics) 8M->6M(11M) 16.877ms
[668.009s][info][gc] GC(71) Pause Full (Ergonomics) 8M->6M(11M) 16.540ms
[668.027s][info][gc] GC(72) Pause Full (Ergonomics) 8M->7M(11M) 16.097ms
[668.044s][info][gc] GC(73) Pause Full (Ergonomics) 8M->7M(11M) 13.048ms
[668.061s][info][gc] GC(74) Pause Full (Ergonomics) 9M->7M(11M) 14.463ms
[668.080s][info][gc] GC(75) Pause Full (Ergonomics) 9M->7M(11M) 15.908ms
[668.098s][info][gc] GC(76) Pause Full (Ergonomics) 9M->7M(11M) 13.517ms
[668.117s][info][gc] GC(77) Pause Full (Ergonomics) 9M->7M(11M) 15.767ms
[668.138s][info][gc] GC(78) Pause Full (Ergonomics) 9M->7M(11M) 17.841ms
[668.168s][info][gc] GC(79) Pause Full (Ergonomics) 9M->7M(11M) 26.201ms
[668.201s][info][gc] GC(80) Pause Full (Ergonomics) 9M->7M(11M) 27.089ms
[668.235s][info][gc] GC(81) Pause Full (Ergonomics) 9M->7M(11M) 29.484ms
[668.260s][info][gc] GC(82) Pause Full (Ergonomics) 9M->7M(11M) 17.052ms
[668.279s][info][gc] GC(83) Pause Full (Ergonomics) 9M->7M(11M) 15.652ms
[668.296s][info][gc] GC(84) Pause Full (Ergonomics) 9M->7M(11M) 14.634ms
[668.318s][info][gc] GC(85) Pause Full (Ergonomics) 9M->7M(11M) 18.593ms
[671.474s][info][gc] GC(86) Pause Full (Ergonomics) 9M->6M(11M) 14.968ms
[692.393s][info][gc] GC(87) Pause Full (Ergonomics) 8M->6M(11M) 14.803ms
[712.503s][info][gc] GC(88) Pause Full (Ergonomics) 8M->6M(11M) 16.357ms
[732.520s][info][gc] GC(89) Pause Full (Ergonomics) 8M->6M(11M) 16.294ms
[752.529s][info][gc] GC(90) Pause Full (Ergonomics) 8M->6M(11M) 14.481ms
