[0.046s][info][gc] Using The Z Garbage Collector
[0.302s][info][gc] GC(0) Garbage Collection (Warmup) 2M(17%)->4M(33%)
[0.392s][info][gc] GC(1) Garbage Collection (Warmup) 4M(33%)->4M(33%)
[0.487s][info][gc] GC(2) Garbage Collection (Warmup) 8M(67%)->6M(50%)
[0.595s][info][gc] GC(3) Garbage Collection (Allocation Rate) 6M(50%)->4M(33%)
[1.103s][info][gc] GC(4) Garbage Collection (Allocation Rate) 6M(50%)->6M(50%)
[1.197s][info][gc] GC(5) Garbage Collection (Allocation Rate) 6M(50%)->6M(50%)
[1.290s][info][gc] GC(6) Garbage Collection (Allocation Rate) 6M(50%)->6M(50%)
[2.085s][info][gc] GC(7) Garbage Collection (Allocation Rate) 6M(50%)->6M(50%)
[3.389s][info][gc] GC(8) Garbage Collection (Proactive) 8M(67%)->6M(50%)
