[0.027s][info][gc] Using The Z Garbage Collector
[0.182s][info][gc] GC(0) Garbage Collection (Warmup) 2M(17%)->4M(33%)
[0.273s][info][gc] GC(1) Garbage Collection (Warmup) 8M(67%)->6M(50%)
[0.390s][info][gc] GC(2) Garbage Collection (Warmup) 6M(50%)->6M(50%)
[0.479s][info][gc] GC(3) Garbage Collection (Allocation Rate) 6M(50%)->4M(33%)
[1.878s][info][gc] GC(4) Garbage Collection (Proactive) 6M(50%)->6M(50%)
[16.279s][info][gc] GC(5) Garbage Collection (Proactive) 8M(67%)->8M(67%)
[16.391s][info][gc] Relocation Stall (Attach Listener) 0.894ms
[16.391s][info][gc] Allocation Stall (Attach Listener) 15.709ms
[16.392s][info][gc] GC(6) Garbage Collection (Allocation Rate) 12M(100%)->8M(67%)
[16.495s][info][gc] GC(7) Garbage Collection (Allocation Stall) 10M(83%)->8M(67%)
[16.584s][info][gc] Relocation Stall (Attach Listener) 1.010ms
[16.584s][info][gc] GC(8) Garbage Collection (Allocation Rate) 12M(100%)->10M(83%)
[16.584s][info][gc] Allocation Stall (Attach Listener) 19.307ms
[16.643s][info][gc] Relocation Stall (Attach Listener) 0.158ms
[16.643s][info][gc] Allocation Stall (Attach Listener) 15.521ms
[16.645s][info][gc] GC(9) Garbage Collection (Allocation Stall) 12M(100%)->8M(67%)
[16.700s][info][gc] GC(10) Garbage Collection (Allocation Rate) 8M(67%)->8M(67%)
[16.814s][info][gc] GC(11) Garbage Collection (Allocation Rate) 8M(67%)->8M(67%)
[16.898s][info][gc] GC(12) Garbage Collection (Allocation Rate) 8M(67%)->10M(83%)
[16.994s][info][gc] GC(13) Garbage Collection (Allocation Rate) 10M(83%)->10M(83%)
[17.092s][info][gc] GC(14) Garbage Collection (Allocation Rate) 10M(83%)->12M(100%)
[17.092s][info][gc] Allocation Stall (RMI TCP Connection(1)-192.168.56.1) 19.703ms
[17.188s][info][gc] Allocation Stall (JFR Periodic Tasks) 20.243ms
[17.190s][info][gc] GC(15) Garbage Collection (Allocation Stall) 12M(100%)->12M(100%)
[17.190s][info][gc] Allocation Stall (RMI TCP Connection(1)-192.168.56.1) 21.851ms
[17.290s][info][gc] Allocation Stall (JFR Periodic Tasks) 24.324ms
[17.292s][info][gc] GC(16) Garbage Collection (Allocation Stall) 12M(100%)->10M(83%)
[17.402s][info][gc] GC(17) Garbage Collection (Allocation Stall) 10M(83%)->10M(83%)
[17.487s][info][gc] GC(18) Garbage Collection (Allocation Rate) 10M(83%)->10M(83%)
[17.581s][info][gc] GC(19) Garbage Collection (Allocation Rate) 10M(83%)->10M(83%)
[17.691s][info][gc] GC(20) Garbage Collection (Allocation Rate) 10M(83%)->10M(83%)
[17.787s][info][gc] GC(21) Garbage Collection (Allocation Rate) 10M(83%)->10M(83%)
[17.883s][info][gc] GC(22) Garbage Collection (Allocation Rate) 10M(83%)->10M(83%)
[17.990s][info][gc] GC(23) Garbage Collection (Allocation Rate) 10M(83%)->10M(83%)
[18.082s][info][gc] GC(24) Garbage Collection (Allocation Rate) 10M(83%)->10M(83%)
[18.193s][info][gc] GC(25) Garbage Collection (Allocation Rate) 10M(83%)->10M(83%)
[18.295s][info][gc] GC(26) Garbage Collection (Allocation Rate) 10M(83%)->10M(83%)
[18.392s][info][gc] GC(27) Garbage Collection (Allocation Rate) 10M(83%)->10M(83%)
[18.492s][info][gc] GC(28) Garbage Collection (Allocation Rate) 10M(83%)->10M(83%)
[18.583s][info][gc] GC(29) Garbage Collection (Allocation Rate) 10M(83%)->10M(83%)
[18.693s][info][gc] GC(30) Garbage Collection (Allocation Rate) 10M(83%)->10M(83%)
[18.786s][info][gc] GC(31) Garbage Collection (Allocation Rate) 10M(83%)->10M(83%)
[18.880s][info][gc] GC(32) Garbage Collection (Allocation Rate) 10M(83%)->10M(83%)
[18.986s][info][gc] GC(33) Garbage Collection (Allocation Rate) 10M(83%)->10M(83%)
[19.094s][info][gc] GC(34) Garbage Collection (Allocation Rate) 10M(83%)->10M(83%)
[19.188s][info][gc] GC(35) Garbage Collection (Allocation Rate) 10M(83%)->10M(83%)
[19.284s][info][gc] GC(36) Garbage Collection (Allocation Rate) 10M(83%)->12M(100%)
[19.284s][info][gc] Allocation Stall (RMI TCP Connection(2)-192.168.56.1) 19.475ms
[19.398s][info][gc] GC(37) Garbage Collection (Allocation Stall) 10M(83%)->10M(83%)
[19.486s][info][gc] GC(38) Garbage Collection (Allocation Rate) 10M(83%)->10M(83%)
[19.600s][info][gc] GC(39) Garbage Collection (Allocation Rate) 10M(83%)->10M(83%)
[19.688s][info][gc] GC(40) Garbage Collection (Allocation Rate) 10M(83%)->10M(83%)
[19.782s][info][gc] GC(41) Garbage Collection (Allocation Rate) 10M(83%)->10M(83%)
[19.892s][info][gc] GC(42) Garbage Collection (Allocation Rate) 10M(83%)->10M(83%)
[19.987s][info][gc] GC(43) Garbage Collection (Allocation Rate) 10M(83%)->10M(83%)
[20.079s][info][gc] GC(44) Garbage Collection (Allocation Rate) 10M(83%)->10M(83%)
[20.188s][info][gc] GC(45) Garbage Collection (Allocation Rate) 10M(83%)->10M(83%)
[20.288s][info][gc] GC(46) Garbage Collection (Allocation Rate) 10M(83%)->10M(83%)
[20.395s][info][gc] GC(47) Garbage Collection (Allocation Rate) 10M(83%)->10M(83%)
[20.487s][info][gc] GC(48) Garbage Collection (Allocation Rate) 10M(83%)->10M(83%)
[20.592s][info][gc] GC(49) Garbage Collection (Allocation Rate) 10M(83%)->10M(83%)
[20.686s][info][gc] GC(50) Garbage Collection (Allocation Rate) 10M(83%)->10M(83%)
[20.779s][info][gc] GC(51) Garbage Collection (Allocation Rate) 10M(83%)->10M(83%)
[20.890s][info][gc] GC(52) Garbage Collection (Allocation Rate) 10M(83%)->10M(83%)
[20.985s][info][gc] GC(53) Garbage Collection (Allocation Rate) 10M(83%)->10M(83%)
[21.084s][info][gc] GC(54) Garbage Collection (Allocation Rate) 10M(83%)->10M(83%)
[21.189s][info][gc] GC(55) Garbage Collection (Allocation Rate) 10M(83%)->10M(83%)
[21.286s][info][gc] GC(56) Garbage Collection (Allocation Rate) 10M(83%)->10M(83%)
[21.396s][info][gc] GC(57) Garbage Collection (Allocation Rate) 10M(83%)->10M(83%)
[21.487s][info][gc] GC(58) Garbage Collection (Allocation Rate) 10M(83%)->10M(83%)
[21.580s][info][gc] GC(59) Garbage Collection (Allocation Rate) 10M(83%)->10M(83%)
[21.688s][info][gc] GC(60) Garbage Collection (Allocation Rate) 10M(83%)->10M(83%)
[21.781s][info][gc] GC(61) Garbage Collection (Allocation Rate) 10M(83%)->10M(83%)
[21.889s][info][gc] GC(62) Garbage Collection (Allocation Rate) 10M(83%)->10M(83%)
[21.991s][info][gc] GC(63) Garbage Collection (Allocation Rate) 10M(83%)->10M(83%)
[22.093s][info][gc] GC(64) Garbage Collection (Allocation Rate) 10M(83%)->10M(83%)
[22.185s][info][gc] GC(65) Garbage Collection (Allocation Rate) 10M(83%)->10M(83%)
[22.296s][info][gc] GC(66) Garbage Collection (Allocation Rate) 10M(83%)->10M(83%)
[22.383s][info][gc] GC(67) Garbage Collection (Allocation Rate) 10M(83%)->10M(83%)
[22.478s][info][gc] GC(68) Garbage Collection (Allocation Rate) 10M(83%)->10M(83%)
[22.579s][info][gc] GC(69) Garbage Collection (Allocation Rate) 10M(83%)->10M(83%)
[22.680s][info][gc] GC(70) Garbage Collection (Allocation Rate) 10M(83%)->10M(83%)
[22.778s][info][gc] GC(71) Garbage Collection (Allocation Rate) 10M(83%)->10M(83%)
[22.880s][info][gc] GC(72) Garbage Collection (Allocation Rate) 10M(83%)->10M(83%)
[22.979s][info][gc] GC(73) Garbage Collection (Allocation Rate) 10M(83%)->10M(83%)
[23.080s][info][gc] GC(74) Garbage Collection (Allocation Rate) 10M(83%)->10M(83%)
[23.179s][info][gc] GC(75) Garbage Collection (Allocation Rate) 10M(83%)->10M(83%)
[23.284s][info][gc] GC(76) Garbage Collection (Allocation Rate) 10M(83%)->10M(83%)
[23.388s][info][gc] GC(77) Garbage Collection (Allocation Rate) 10M(83%)->10M(83%)
[23.481s][info][gc] GC(78) Garbage Collection (Allocation Rate) 10M(83%)->10M(83%)
[23.579s][info][gc] GC(79) Garbage Collection (Allocation Rate) 10M(83%)->10M(83%)
[23.680s][info][gc] GC(80) Garbage Collection (Allocation Rate) 10M(83%)->10M(83%)
[23.779s][info][gc] GC(81) Garbage Collection (Allocation Rate) 10M(83%)->10M(83%)
[23.877s][info][gc] GC(82) Garbage Collection (Allocation Rate) 10M(83%)->10M(83%)
[23.986s][info][gc] GC(83) Garbage Collection (Allocation Rate) 10M(83%)->10M(83%)
[24.081s][info][gc] GC(84) Garbage Collection (Allocation Rate) 10M(83%)->10M(83%)
[24.179s][info][gc] GC(85) Garbage Collection (Allocation Rate) 10M(83%)->10M(83%)
[24.283s][info][gc] GC(86) Garbage Collection (Allocation Rate) 10M(83%)->10M(83%)
[24.410s][info][gc] GC(87) Garbage Collection (Allocation Rate) 10M(83%)->10M(83%)
[24.493s][info][gc] GC(88) Garbage Collection (Allocation Rate) 10M(83%)->10M(83%)
[24.584s][info][gc] GC(89) Garbage Collection (Allocation Rate) 10M(83%)->10M(83%)
[24.692s][info][gc] GC(90) Garbage Collection (Allocation Rate) 10M(83%)->10M(83%)
[24.785s][info][gc] GC(91) Garbage Collection (Allocation Rate) 10M(83%)->10M(83%)
[24.894s][info][gc] GC(92) Garbage Collection (Allocation Rate) 10M(83%)->10M(83%)
[24.985s][info][gc] GC(93) Garbage Collection (Allocation Rate) 10M(83%)->10M(83%)
[25.095s][info][gc] GC(94) Garbage Collection (Allocation Rate) 10M(83%)->10M(83%)
[25.187s][info][gc] GC(95) Garbage Collection (Allocation Rate) 10M(83%)->10M(83%)
[25.285s][info][gc] GC(96) Garbage Collection (Allocation Rate) 10M(83%)->10M(83%)
[25.383s][info][gc] GC(97) Garbage Collection (Allocation Rate) 10M(83%)->10M(83%)
[25.485s][info][gc] GC(98) Garbage Collection (Allocation Rate) 10M(83%)->10M(83%)
[25.593s][info][gc] GC(99) Garbage Collection (Allocation Rate) 10M(83%)->10M(83%)
[25.686s][info][gc] GC(100) Garbage Collection (Allocation Rate) 10M(83%)->10M(83%)
[25.779s][info][gc] GC(101) Garbage Collection (Allocation Rate) 10M(83%)->10M(83%)
[25.890s][info][gc] GC(102) Garbage Collection (Allocation Rate) 10M(83%)->10M(83%)
[25.986s][info][gc] GC(103) Garbage Collection (Allocation Rate) 10M(83%)->10M(83%)
[26.091s][info][gc] GC(104) Garbage Collection (Allocation Rate) 10M(83%)->10M(83%)
[26.185s][info][gc] GC(105) Garbage Collection (Allocation Rate) 10M(83%)->10M(83%)
[26.302s][info][gc] GC(106) Garbage Collection (Allocation Rate) 10M(83%)->10M(83%)
[26.391s][info][gc] GC(107) Garbage Collection (Allocation Rate) 10M(83%)->10M(83%)
[26.481s][info][gc] GC(108) Garbage Collection (Allocation Rate) 10M(83%)->10M(83%)
[26.579s][info][gc] GC(109) Garbage Collection (Allocation Rate) 10M(83%)->10M(83%)
[26.679s][info][gc] GC(110) Garbage Collection (Allocation Rate) 10M(83%)->10M(83%)
[26.780s][info][gc] GC(111) Garbage Collection (Allocation Rate) 10M(83%)->10M(83%)
[26.878s][info][gc] GC(112) Garbage Collection (Allocation Rate) 10M(83%)->10M(83%)
[26.979s][info][gc] GC(113) Garbage Collection (Allocation Rate) 10M(83%)->10M(83%)
[27.079s][info][gc] GC(114) Garbage Collection (Allocation Rate) 10M(83%)->10M(83%)
[27.182s][info][gc] GC(115) Garbage Collection (Allocation Rate) 10M(83%)->10M(83%)
[27.288s][info][gc] GC(116) Garbage Collection (Allocation Rate) 10M(83%)->10M(83%)
[27.389s][info][gc] GC(117) Garbage Collection (Allocation Rate) 10M(83%)->10M(83%)
[27.483s][info][gc] GC(118) Garbage Collection (Allocation Rate) 10M(83%)->10M(83%)
[27.579s][info][gc] GC(119) Garbage Collection (Allocation Rate) 10M(83%)->10M(83%)
[27.679s][info][gc] GC(120) Garbage Collection (Allocation Rate) 10M(83%)->10M(83%)
[27.779s][info][gc] GC(121) Garbage Collection (Allocation Rate) 10M(83%)->10M(83%)
[27.880s][info][gc] GC(122) Garbage Collection (Allocation Rate) 10M(83%)->10M(83%)
[27.979s][info][gc] GC(123) Garbage Collection (Allocation Rate) 10M(83%)->10M(83%)
[28.081s][info][gc] GC(124) Garbage Collection (Allocation Rate) 10M(83%)->10M(83%)
[28.181s][info][gc] GC(125) Garbage Collection (Allocation Rate) 10M(83%)->10M(83%)
[28.285s][info][gc] GC(126) Garbage Collection (Allocation Rate) 10M(83%)->10M(83%)
[28.393s][info][gc] GC(127) Garbage Collection (Allocation Rate) 10M(83%)->10M(83%)
[28.486s][info][gc] GC(128) Garbage Collection (Allocation Rate) 10M(83%)->10M(83%)
[28.580s][info][gc] GC(129) Garbage Collection (Allocation Rate) 10M(83%)->10M(83%)
[28.689s][info][gc] GC(130) Garbage Collection (Allocation Rate) 10M(83%)->10M(83%)
[28.781s][info][gc] GC(131) Garbage Collection (Allocation Rate) 10M(83%)->10M(83%)
[28.889s][info][gc] GC(132) Garbage Collection (Allocation Rate) 10M(83%)->10M(83%)
[28.983s][info][gc] GC(133) Garbage Collection (Allocation Rate) 10M(83%)->10M(83%)
[29.091s][info][gc] GC(134) Garbage Collection (Allocation Rate) 10M(83%)->10M(83%)
[29.185s][info][gc] GC(135) Garbage Collection (Allocation Rate) 10M(83%)->10M(83%)
[29.280s][info][gc] GC(136) Garbage Collection (Allocation Rate) 10M(83%)->10M(83%)
[29.389s][info][gc] GC(137) Garbage Collection (Allocation Rate) 10M(83%)->10M(83%)
[29.483s][info][gc] GC(138) Garbage Collection (Allocation Rate) 10M(83%)->10M(83%)
[29.591s][info][gc] GC(139) Garbage Collection (Allocation Rate) 10M(83%)->10M(83%)
[29.684s][info][gc] GC(140) Garbage Collection (Allocation Rate) 10M(83%)->10M(83%)
[29.793s][info][gc] GC(141) Garbage Collection (Allocation Rate) 10M(83%)->10M(83%)
[29.884s][info][gc] GC(142) Garbage Collection (Allocation Rate) 10M(83%)->10M(83%)
[29.994s][info][gc] GC(143) Garbage Collection (Allocation Rate) 10M(83%)->10M(83%)
[30.088s][info][gc] GC(144) Garbage Collection (Allocation Rate) 10M(83%)->10M(83%)
[30.181s][info][gc] GC(145) Garbage Collection (Allocation Rate) 10M(83%)->10M(83%)
[30.293s][info][gc] GC(146) Garbage Collection (Allocation Rate) 10M(83%)->10M(83%)
[30.386s][info][gc] GC(147) Garbage Collection (Allocation Rate) 10M(83%)->8M(67%)
[30.493s][info][gc] GC(148) Garbage Collection (Allocation Rate) 8M(67%)->8M(67%)
[30.587s][info][gc] GC(149) Garbage Collection (Allocation Rate) 8M(67%)->8M(67%)
[30.680s][info][gc] GC(150) Garbage Collection (Allocation Rate) 8M(67%)->8M(67%)
[30.789s][info][gc] GC(151) Garbage Collection (Allocation Rate) 8M(67%)->8M(67%)
[30.885s][info][gc] GC(152) Garbage Collection (Allocation Rate) 8M(67%)->8M(67%)
[30.993s][info][gc] GC(153) Garbage Collection (Allocation Rate) 8M(67%)->8M(67%)
[31.086s][info][gc] GC(154) Garbage Collection (Allocation Rate) 8M(67%)->8M(67%)
[31.194s][info][gc] GC(155) Garbage Collection (Allocation Rate) 8M(67%)->8M(67%)
[31.294s][info][gc] GC(156) Garbage Collection (Allocation Rate) 10M(83%)->10M(83%)
[31.384s][info][gc] GC(157) Garbage Collection (Allocation Rate) 10M(83%)->8M(67%)
[31.481s][info][gc] GC(158) Garbage Collection (Allocation Rate) 8M(67%)->8M(67%)
[31.579s][info][gc] GC(159) Garbage Collection (Allocation Rate) 8M(67%)->8M(67%)
[31.680s][info][gc] GC(160) Garbage Collection (Allocation Rate) 8M(67%)->8M(67%)
[31.780s][info][gc] GC(161) Garbage Collection (Allocation Rate) 8M(67%)->8M(67%)
[32.283s][info][gc] GC(162) Garbage Collection (Allocation Rate) 10M(83%)->10M(83%)
[32.382s][info][gc] GC(163) Garbage Collection (Allocation Rate) 10M(83%)->8M(67%)
[33.290s][info][gc] GC(164) Garbage Collection (Allocation Rate) 10M(83%)->10M(83%)
[33.395s][info][gc] GC(165) Garbage Collection (Allocation Rate) 10M(83%)->8M(67%)
[34.286s][info][gc] GC(166) Garbage Collection (Allocation Rate) 10M(83%)->10M(83%)
[34.392s][info][gc] GC(167) Garbage Collection (Allocation Rate) 10M(83%)->8M(67%)
[35.301s][info][gc] GC(168) Garbage Collection (Allocation Rate) 10M(83%)->8M(67%)
[36.297s][info][gc] GC(169) Garbage Collection (Allocation Rate) 10M(83%)->10M(83%)
[36.389s][info][gc] GC(170) Garbage Collection (Allocation Rate) 10M(83%)->8M(67%)
[37.294s][info][gc] GC(171) Garbage Collection (Allocation Rate) 10M(83%)->10M(83%)
[37.381s][info][gc] GC(172) Garbage Collection (Allocation Rate) 10M(83%)->8M(67%)
[38.281s][info][gc] GC(173) Garbage Collection (Allocation Rate) 10M(83%)->10M(83%)
[38.389s][info][gc] GC(174) Garbage Collection (Allocation Rate) 10M(83%)->8M(67%)
[39.294s][info][gc] GC(175) Garbage Collection (Allocation Rate) 10M(83%)->10M(83%)
[39.386s][info][gc] GC(176) Garbage Collection (Allocation Rate) 10M(83%)->8M(67%)
[40.083s][info][gc] GC(177) Garbage Collection (Allocation Rate) 10M(83%)->8M(67%)
[40.383s][info][gc] GC(178) Garbage Collection (Allocation Rate) 10M(83%)->8M(67%)
[41.283s][info][gc] GC(179) Garbage Collection (Allocation Rate) 10M(83%)->8M(67%)
[41.390s][info][gc] GC(180) Garbage Collection (Allocation Rate) 10M(83%)->8M(67%)
[42.292s][info][gc] GC(181) Garbage Collection (Allocation Rate) 10M(83%)->10M(83%)
[42.383s][info][gc] GC(182) Garbage Collection (Allocation Rate) 10M(83%)->8M(67%)
[42.581s][info][gc] GC(183) Garbage Collection (Allocation Rate) 12M(100%)->10M(83%)
[42.689s][info][gc] GC(184) Garbage Collection (Allocation Rate) 10M(83%)->10M(83%)
[42.789s][info][gc] GC(185) Garbage Collection (Allocation Rate) 10M(83%)->10M(83%)
[42.880s][info][gc] GC(186) Garbage Collection (Allocation Rate) 10M(83%)->10M(83%)
[42.980s][info][gc] GC(187) Garbage Collection (Allocation Rate) 10M(83%)->10M(83%)
[43.080s][info][gc] GC(188) Garbage Collection (Allocation Rate) 10M(83%)->10M(83%)
[43.182s][info][gc] GC(189) Garbage Collection (Allocation Rate) 10M(83%)->10M(83%)
[43.281s][info][gc] GC(190) Garbage Collection (Allocation Rate) 12M(100%)->10M(83%)
[43.394s][info][gc] GC(191) Garbage Collection (Allocation Rate) 12M(100%)->10M(83%)
[43.492s][info][gc] GC(192) Garbage Collection (Allocation Rate) 10M(83%)->10M(83%)
[43.582s][info][gc] GC(193) Garbage Collection (Allocation Rate) 10M(83%)->10M(83%)
[43.692s][info][gc] GC(194) Garbage Collection (Allocation Rate) 10M(83%)->10M(83%)
[43.787s][info][gc] GC(195) Garbage Collection (Allocation Rate) 10M(83%)->10M(83%)
[43.895s][info][gc] GC(196) Garbage Collection (Allocation Rate) 10M(83%)->10M(83%)
[43.989s][info][gc] GC(197) Garbage Collection (Allocation Rate) 10M(83%)->10M(83%)
[44.092s][info][gc] GC(198) Garbage Collection (Allocation Rate) 10M(83%)->10M(83%)
[44.186s][info][gc] GC(199) Garbage Collection (Allocation Rate) 10M(83%)->10M(83%)
[44.300s][info][gc] Allocation Stall (RMI TCP Connection(1)-192.168.56.1) 14.517ms
[44.300s][info][gc] GC(200) Garbage Collection (Allocation Rate) 12M(100%)->12M(100%)
[44.396s][info][gc] GC(201) Garbage Collection (Allocation Stall) 12M(100%)->10M(83%)
[44.487s][info][gc] GC(202) Garbage Collection (Allocation Rate) 10M(83%)->10M(83%)
[44.587s][info][gc] GC(203) Garbage Collection (Allocation Rate) 10M(83%)->10M(83%)
[44.699s][info][gc] GC(204) Garbage Collection (Allocation Rate) 10M(83%)->10M(83%)
[44.789s][info][gc] GC(205) Garbage Collection (Allocation Rate) 10M(83%)->10M(83%)
[44.898s][info][gc] GC(206) Garbage Collection (Allocation Rate) 10M(83%)->10M(83%)
[44.980s][info][gc] GC(207) Garbage Collection (Allocation Rate) 10M(83%)->10M(83%)
[45.086s][info][gc] GC(208) Garbage Collection (Allocation Rate) 10M(83%)->10M(83%)
[45.184s][info][gc] GC(209) Garbage Collection (Allocation Rate) 10M(83%)->10M(83%)
[45.288s][info][gc] GC(210) Garbage Collection (Allocation Rate) 12M(100%)->12M(100%)
[45.288s][info][gc] Allocation Stall (RMI TCP Connection(1)-192.168.56.1) 25.522ms
[45.309s][info][gc] GC(211) Garbage Collection (Allocation Stall) 12M(100%)->12M(100%)
[45.309s][info][gc] Allocation Stall (RMI TCP Connection(2)-192.168.56.1) 23.637ms
[45.328s][info][gc] GC(212) Garbage Collection (Allocation Stall) 12M(100%)->12M(100%)
[45.328s][info][gc] Allocation Stall (RMI TCP Connection(1)-192.168.56.1) 39.745ms
[45.350s][info][gc] GC(213) Garbage Collection (Allocation Stall) 12M(100%)->12M(100%)
[45.350s][info][gc] Allocation Stall (RMI TCP Connection(2)-192.168.56.1) 39.865ms
[45.370s][info][gc] Allocation Stall (RMI TCP Connection(1)-192.168.56.1) 41.262ms
[45.370s][info][gc] GC(214) Garbage Collection (Allocation Stall) 12M(100%)->12M(100%)
[45.398s][info][gc] GC(215) Garbage Collection (Allocation Stall) 12M(100%)->12M(100%)
[45.398s][info][gc] Allocation Stall (RMI TCP Connection(2)-192.168.56.1) 48.295ms
[45.423s][info][gc] GC(216) Garbage Collection (Allocation Stall) 12M(100%)->12M(100%)
[45.423s][info][gc] Allocation Stall (RMI TCP Connection(1)-192.168.56.1) 52.810ms
[45.444s][info][gc] GC(217) Garbage Collection (Allocation Stall) 12M(100%)->12M(100%)
[45.444s][info][gc] Allocation Stall (RMI TCP Connection(2)-192.168.56.1) 45.506ms
[45.463s][info][gc] GC(218) Garbage Collection (Allocation Stall) 12M(100%)->12M(100%)
[45.464s][info][gc] Allocation Stall (RMI TCP Connection(1)-192.168.56.1) 39.990ms
[45.484s][info][gc] GC(219) Garbage Collection (Allocation Stall) 12M(100%)->12M(100%)
[45.485s][info][gc] Allocation Stall (RMI TCP Connection(2)-192.168.56.1) 40.103ms
[45.509s][info][gc] GC(220) Garbage Collection (Allocation Stall) 12M(100%)->12M(100%)
[45.511s][info][gc] Allocation Stall (RMI TCP Connection(1)-192.168.56.1) 46.587ms
[45.567s][info][gc] GC(221) Garbage Collection (Allocation Stall) 12M(100%)->12M(100%)
[45.567s][info][gc] Allocation Stall (RMI TCP Connection(2)-192.168.56.1) 82.252ms
[45.589s][info][gc] Allocation Stall (RMI TCP Connection(1)-192.168.56.1) 55.863ms
[45.589s][info][gc] GC(222) Garbage Collection (Allocation Stall) 12M(100%)->12M(100%)
[45.610s][info][gc] GC(223) Garbage Collection (Allocation Stall) 12M(100%)->12M(100%)
[45.610s][info][gc] Allocation Stall (RMI TCP Connection(2)-192.168.56.1) 42.701ms
[45.629s][info][gc] GC(224) Garbage Collection (Allocation Stall) 12M(100%)->12M(100%)
[45.629s][info][gc] Allocation Stall (RMI TCP Connection(1)-192.168.56.1) 40.024ms
[45.648s][info][gc] GC(225) Garbage Collection (Allocation Stall) 12M(100%)->12M(100%)
[45.648s][info][gc] Allocation Stall (RMI TCP Connection(2)-192.168.56.1) 37.439ms
[45.667s][info][gc] GC(226) Garbage Collection (Allocation Stall) 12M(100%)->12M(100%)
[45.667s][info][gc] Allocation Stall (RMI TCP Connection(1)-192.168.56.1) 37.389ms
[45.686s][info][gc] GC(227) Garbage Collection (Allocation Stall) 12M(100%)->12M(100%)
[45.686s][info][gc] Allocation Stall (RMI TCP Connection(2)-192.168.56.1) 37.779ms
[45.706s][info][gc] GC(228) Garbage Collection (Allocation Stall) 12M(100%)->12M(100%)
[45.706s][info][gc] Allocation Stall (RMI TCP Connection(1)-192.168.56.1) 39.112ms
[45.724s][info][gc] Allocation Stall (RMI TCP Connection(2)-192.168.56.1) 37.846ms
[45.724s][info][gc] GC(229) Garbage Collection (Allocation Stall) 12M(100%)->12M(100%)
[45.743s][info][gc] GC(230) Garbage Collection (Allocation Stall) 12M(100%)->12M(100%)
[45.743s][info][gc] Allocation Stall (RMI TCP Connection(1)-192.168.56.1) 36.033ms
[45.764s][info][gc] GC(231) Garbage Collection (Allocation Stall) 12M(100%)->12M(100%)
[45.764s][info][gc] Allocation Stall (RMI TCP Connection(2)-192.168.56.1) 39.333ms
[45.786s][info][gc] GC(232) Garbage Collection (Allocation Stall) 12M(100%)->12M(100%)
[45.786s][info][gc] Allocation Stall (RMI TCP Connection(1)-192.168.56.1) 42.274ms
[45.807s][info][gc] GC(233) Garbage Collection (Allocation Stall) 12M(100%)->12M(100%)
[45.807s][info][gc] Allocation Stall (RMI TCP Connection(2)-192.168.56.1) 42.017ms
[45.828s][info][gc] Allocation Stall (RMI TCP Connection(1)-192.168.56.1) 42.460ms
[45.829s][info][gc] GC(234) Garbage Collection (Allocation Stall) 12M(100%)->12M(100%)
[45.850s][info][gc] GC(235) Garbage Collection (Allocation Stall) 12M(100%)->12M(100%)
[45.850s][info][gc] Allocation Stall (RMI TCP Connection(2)-192.168.56.1) 42.702ms
[45.850s][info][gc] Allocation Stall (JMX server connection timeout 22) 42.682ms
[45.874s][info][gc] GC(236) Garbage Collection (Allocation Stall) 12M(100%)->12M(100%)
[45.874s][info][gc] Allocation Stall (RMI TCP Connection(1)-192.168.56.1) 45.338ms
[45.904s][info][gc] Allocation Stall (RMI TCP Connection(2)-192.168.56.1) 53.751ms
[45.904s][info][gc] GC(237) Garbage Collection (Allocation Stall) 12M(100%)->12M(100%)
[45.904s][info][gc] Allocation Stall (JMX server connection timeout 22) 53.841ms
[45.932s][info][gc] GC(238) Garbage Collection (Allocation Stall) 12M(100%)->12M(100%)
[45.933s][info][gc] Allocation Stall (RMI TCP Connection(1)-192.168.56.1) 57.998ms
[45.958s][info][gc] GC(239) Garbage Collection (Allocation Stall) 12M(100%)->12M(100%)
[45.959s][info][gc] Allocation Stall (RMI TCP Connection(2)-192.168.56.1) 53.654ms
[45.980s][info][gc] GC(240) Garbage Collection (Allocation Stall) 12M(100%)->12M(100%)
[45.980s][info][gc] Allocation Stall (RMI TCP Connection(1)-192.168.56.1) 47.004ms
[46.000s][info][gc] GC(241) Garbage Collection (Allocation Stall) 12M(100%)->12M(100%)
[46.000s][info][gc] Allocation Stall (RMI TCP Connection(2)-192.168.56.1) 41.483ms
[46.020s][info][gc] GC(242) Garbage Collection (Allocation Stall) 12M(100%)->12M(100%)
[46.021s][info][gc] Allocation Stall (RMI TCP Connection(1)-192.168.56.1) 40.360ms
[46.042s][info][gc] GC(243) Garbage Collection (Allocation Stall) 12M(100%)->12M(100%)
[46.042s][info][gc] Allocation Stall (RMI TCP Connection(2)-192.168.56.1) 41.517ms
[46.065s][info][gc] GC(244) Garbage Collection (Allocation Stall) 12M(100%)->12M(100%)
[46.065s][info][gc] Allocation Stall (RMI TCP Connection(1)-192.168.56.1) 43.990ms
[46.086s][info][gc] GC(245) Garbage Collection (Allocation Stall) 12M(100%)->12M(100%)
[46.086s][info][gc] Allocation Stall (RMI TCP Connection(2)-192.168.56.1) 42.828ms
[46.106s][info][gc] Allocation Stall (RMI TCP Connection(1)-192.168.56.1) 40.737ms
[46.106s][info][gc] GC(246) Garbage Collection (Allocation Stall) 12M(100%)->12M(100%)
[46.125s][info][gc] GC(247) Garbage Collection (Allocation Stall) 12M(100%)->12M(100%)
[46.125s][info][gc] Allocation Stall (RMI TCP Connection(2)-192.168.56.1) 38.758ms
[46.146s][info][gc] GC(248) Garbage Collection (Allocation Stall) 12M(100%)->12M(100%)
[46.147s][info][gc] Allocation Stall (RMI TCP Connection(1)-192.168.56.1) 39.636ms
[46.167s][info][gc] GC(249) Garbage Collection (Allocation Stall) 12M(100%)->12M(100%)
[46.167s][info][gc] Allocation Stall (RMI TCP Connection(2)-192.168.56.1) 41.962ms
[46.190s][info][gc] GC(250) Garbage Collection (Allocation Stall) 12M(100%)->12M(100%)
[46.190s][info][gc] Allocation Stall (RMI TCP Connection(1)-192.168.56.1) 43.365ms
[46.210s][info][gc] GC(251) Garbage Collection (Allocation Stall) 12M(100%)->12M(100%)
[46.210s][info][gc] Allocation Stall (RMI TCP Connection(2)-192.168.56.1) 42.470ms
[46.230s][info][gc] GC(252) Garbage Collection (Allocation Stall) 12M(100%)->12M(100%)
[46.230s][info][gc] Allocation Stall (RMI TCP Connection(1)-192.168.56.1) 39.712ms
[46.250s][info][gc] GC(253) Garbage Collection (Allocation Stall) 12M(100%)->12M(100%)
[46.250s][info][gc] Allocation Stall (RMI TCP Connection(2)-192.168.56.1) 39.036ms
[46.270s][info][gc] GC(254) Garbage Collection (Allocation Stall) 12M(100%)->12M(100%)
[46.271s][info][gc] Allocation Stall (RMI TCP Connection(1)-192.168.56.1) 40.060ms
[46.291s][info][gc] GC(255) Garbage Collection (Allocation Stall) 12M(100%)->12M(100%)
[46.291s][info][gc] Allocation Stall (RMI TCP Connection(2)-192.168.56.1) 40.637ms
[46.312s][info][gc] GC(256) Garbage Collection (Allocation Stall) 12M(100%)->12M(100%)
[46.313s][info][gc] Allocation Stall (RMI TCP Connection(1)-192.168.56.1) 41.701ms
[46.333s][info][gc] GC(257) Garbage Collection (Allocation Stall) 12M(100%)->12M(100%)
[46.334s][info][gc] Allocation Stall (RMI TCP Connection(2)-192.168.56.1) 42.139ms
[46.356s][info][gc] GC(258) Garbage Collection (Allocation Stall) 12M(100%)->12M(100%)
[46.356s][info][gc] Allocation Stall (RMI TCP Connection(1)-192.168.56.1) 43.027ms
[46.375s][info][gc] GC(259) Garbage Collection (Allocation Stall) 12M(100%)->12M(100%)
[46.375s][info][gc] Allocation Stall (RMI TCP Connection(2)-192.168.56.1) 41.337ms
[46.397s][info][gc] GC(260) Garbage Collection (Allocation Stall) 12M(100%)->12M(100%)
[46.397s][info][gc] Allocation Stall (RMI TCP Connection(1)-192.168.56.1) 40.640ms
[46.420s][info][gc] GC(261) Garbage Collection (Allocation Stall) 12M(100%)->12M(100%)
[46.420s][info][gc] Allocation Stall (RMI TCP Connection(2)-192.168.56.1) 43.968ms
[46.445s][info][gc] GC(262) Garbage Collection (Allocation Stall) 12M(100%)->12M(100%)
[46.445s][info][gc] Allocation Stall (RMI TCP Connection(1)-192.168.56.1) 45.247ms
[46.466s][info][gc] GC(263) Garbage Collection (Allocation Stall) 12M(100%)->12M(100%)
[46.466s][info][gc] Allocation Stall (RMI TCP Connection(2)-192.168.56.1) 45.502ms
[46.486s][info][gc] GC(264) Garbage Collection (Allocation Stall) 12M(100%)->12M(100%)
[46.486s][info][gc] Allocation Stall (RMI TCP Connection(1)-192.168.56.1) 41.045ms
[46.506s][info][gc] Allocation Stall (RMI TCP Connection(2)-192.168.56.1) 40.140ms
[46.506s][info][gc] GC(265) Garbage Collection (Allocation Stall) 12M(100%)->12M(100%)
[46.525s][info][gc] Allocation Stall (RMI TCP Connection(1)-192.168.56.1) 38.209ms
[46.525s][info][gc] GC(266) Garbage Collection (Allocation Stall) 12M(100%)->12M(100%)
[46.544s][info][gc] GC(267) Garbage Collection (Allocation Stall) 12M(100%)->12M(100%)
[46.544s][info][gc] Allocation Stall (RMI TCP Connection(2)-192.168.56.1) 37.121ms
[46.563s][info][gc] GC(268) Garbage Collection (Allocation Stall) 12M(100%)->12M(100%)
[46.563s][info][gc] Allocation Stall (RMI TCP Connection(1)-192.168.56.1) 37.983ms
[46.584s][info][gc] GC(269) Garbage Collection (Allocation Stall) 12M(100%)->12M(100%)
[46.584s][info][gc] Allocation Stall (RMI TCP Connection(2)-192.168.56.1) 39.740ms
[46.604s][info][gc] GC(270) Garbage Collection (Allocation Stall) 12M(100%)->12M(100%)
[46.604s][info][gc] Allocation Stall (RMI TCP Connection(1)-192.168.56.1) 41.079ms
[46.625s][info][gc] GC(271) Garbage Collection (Allocation Stall) 12M(100%)->12M(100%)
[46.625s][info][gc] Allocation Stall (RMI TCP Connection(2)-192.168.56.1) 41.296ms
[46.646s][info][gc] GC(272) Garbage Collection (Allocation Stall) 12M(100%)->12M(100%)
[46.646s][info][gc] Allocation Stall (RMI TCP Connection(1)-192.168.56.1) 41.380ms
[46.667s][info][gc] GC(273) Garbage Collection (Allocation Stall) 12M(100%)->12M(100%)
[46.667s][info][gc] Allocation Stall (RMI TCP Connection(2)-192.168.56.1) 41.243ms
[46.688s][info][gc] GC(274) Garbage Collection (Allocation Stall) 12M(100%)->12M(100%)
[46.688s][info][gc] Allocation Stall (RMI TCP Connection(1)-192.168.56.1) 41.950ms
[46.710s][info][gc] GC(275) Garbage Collection (Allocation Stall) 12M(100%)->12M(100%)
[46.710s][info][gc] Allocation Stall (RMI TCP Connection(2)-192.168.56.1) 42.312ms
[46.729s][info][gc] GC(276) Garbage Collection (Allocation Stall) 12M(100%)->12M(100%)
[46.729s][info][gc] Allocation Stall (RMI TCP Connection(1)-192.168.56.1) 40.340ms
[46.748s][info][gc] GC(277) Garbage Collection (Allocation Stall) 12M(100%)->12M(100%)
[46.748s][info][gc] Allocation Stall (RMI TCP Connection(2)-192.168.56.1) 38.185ms
[46.767s][info][gc] GC(278) Garbage Collection (Allocation Stall) 12M(100%)->12M(100%)
[46.767s][info][gc] Allocation Stall (RMI TCP Connection(1)-192.168.56.1) 38.096ms
[46.788s][info][gc] GC(279) Garbage Collection (Allocation Stall) 12M(100%)->12M(100%)
[46.788s][info][gc] Allocation Stall (RMI TCP Connection(2)-192.168.56.1) 39.217ms
[46.807s][info][gc] GC(280) Garbage Collection (Allocation Stall) 12M(100%)->12M(100%)
[46.807s][info][gc] Allocation Stall (RMI TCP Connection(1)-192.168.56.1) 39.565ms
[46.828s][info][gc] GC(281) Garbage Collection (Allocation Stall) 12M(100%)->12M(100%)
[46.828s][info][gc] Allocation Stall (RMI TCP Connection(2)-192.168.56.1) 39.373ms
[46.848s][info][gc] GC(282) Garbage Collection (Allocation Stall) 12M(100%)->12M(100%)
[46.848s][info][gc] Allocation Stall (RMI TCP Connection(1)-192.168.56.1) 39.938ms
[46.869s][info][gc] GC(283) Garbage Collection (Allocation Stall) 12M(100%)->12M(100%)
[46.869s][info][gc] Allocation Stall (RMI TCP Connection(2)-192.168.56.1) 40.259ms
[46.890s][info][gc] GC(284) Garbage Collection (Allocation Stall) 12M(100%)->12M(100%)
[46.890s][info][gc] Allocation Stall (RMI TCP Connection(1)-192.168.56.1) 41.539ms
[46.910s][info][gc] GC(285) Garbage Collection (Allocation Stall) 12M(100%)->12M(100%)
[46.910s][info][gc] Allocation Stall (RMI TCP Connection(2)-192.168.56.1) 41.281ms
[46.930s][info][gc] GC(286) Garbage Collection (Allocation Stall) 12M(100%)->12M(100%)
[46.930s][info][gc] Allocation Stall (RMI TCP Connection(1)-192.168.56.1) 39.603ms
[46.950s][info][gc] GC(287) Garbage Collection (Allocation Stall) 12M(100%)->12M(100%)
[46.950s][info][gc] Allocation Stall (RMI TCP Connection(2)-192.168.56.1) 39.474ms
[46.969s][info][gc] GC(288) Garbage Collection (Allocation Stall) 12M(100%)->12M(100%)
[46.969s][info][gc] Allocation Stall (RMI TCP Connection(1)-192.168.56.1) 39.372ms
[46.989s][info][gc] GC(289) Garbage Collection (Allocation Stall) 12M(100%)->12M(100%)
[46.989s][info][gc] Allocation Stall (RMI TCP Connection(2)-192.168.56.1) 38.615ms
[47.008s][info][gc] GC(290) Garbage Collection (Allocation Stall) 12M(100%)->12M(100%)
[47.008s][info][gc] Allocation Stall (RMI TCP Connection(1)-192.168.56.1) 37.886ms
[47.027s][info][gc] GC(291) Garbage Collection (Allocation Stall) 12M(100%)->12M(100%)
[47.027s][info][gc] Allocation Stall (RMI TCP Connection(2)-192.168.56.1) 37.680ms
[47.049s][info][gc] GC(292) Garbage Collection (Allocation Stall) 12M(100%)->12M(100%)
[47.049s][info][gc] Allocation Stall (RMI TCP Connection(1)-192.168.56.1) 41.268ms
[47.069s][info][gc] GC(293) Garbage Collection (Allocation Stall) 12M(100%)->12M(100%)
[47.069s][info][gc] Allocation Stall (RMI TCP Connection(2)-192.168.56.1) 41.361ms
[47.088s][info][gc] GC(294) Garbage Collection (Allocation Stall) 12M(100%)->12M(100%)
[47.088s][info][gc] Allocation Stall (RMI TCP Connection(1)-192.168.56.1) 38.223ms
[47.107s][info][gc] GC(295) Garbage Collection (Allocation Stall) 12M(100%)->12M(100%)
[47.107s][info][gc] Allocation Stall (RMI TCP Connection(2)-192.168.56.1) 37.785ms
[47.125s][info][gc] Allocation Stall (RMI TCP Connection(1)-192.168.56.1) 37.017ms
[47.126s][info][gc] GC(296) Garbage Collection (Allocation Stall) 12M(100%)->12M(100%)
[47.144s][info][gc] GC(297) Garbage Collection (Allocation Stall) 12M(100%)->12M(100%)
[47.145s][info][gc] Allocation Stall (RMI TCP Connection(2)-192.168.56.1) 37.057ms
[47.165s][info][gc] Allocation Stall (RMI TCP Connection(1)-192.168.56.1) 38.732ms
[47.165s][info][gc] GC(298) Garbage Collection (Allocation Stall) 12M(100%)->12M(100%)
[47.186s][info][gc] GC(299) Garbage Collection (Allocation Stall) 12M(100%)->12M(100%)
[47.187s][info][gc] Allocation Stall (RMI TCP Connection(2)-192.168.56.1) 41.618ms
[47.208s][info][gc] GC(300) Garbage Collection (Allocation Stall) 12M(100%)->12M(100%)
[47.208s][info][gc] Allocation Stall (RMI TCP Connection(1)-192.168.56.1) 42.456ms
[47.228s][info][gc] GC(301) Garbage Collection (Allocation Stall) 12M(100%)->12M(100%)
[47.228s][info][gc] Allocation Stall (RMI TCP Connection(2)-192.168.56.1) 41.608ms
[47.249s][info][gc] GC(302) Garbage Collection (Allocation Stall) 12M(100%)->12M(100%)
[47.249s][info][gc] Allocation Stall (RMI TCP Connection(1)-192.168.56.1) 41.281ms
[47.270s][info][gc] GC(303) Garbage Collection (Allocation Stall) 12M(100%)->12M(100%)
[47.270s][info][gc] Allocation Stall (RMI TCP Connection(2)-192.168.56.1) 40.886ms
[47.292s][info][gc] GC(304) Garbage Collection (Allocation Stall) 12M(100%)->12M(100%)
[47.292s][info][gc] Allocation Stall (RMI TCP Connection(1)-192.168.56.1) 42.846ms
[47.313s][info][gc] GC(305) Garbage Collection (Allocation Stall) 12M(100%)->12M(100%)
[47.313s][info][gc] Allocation Stall (RMI TCP Connection(2)-192.168.56.1) 42.848ms
[47.335s][info][gc] GC(306) Garbage Collection (Allocation Stall) 12M(100%)->12M(100%)
[47.335s][info][gc] Allocation Stall (RMI TCP Connection(1)-192.168.56.1) 42.341ms
[47.356s][info][gc] GC(307) Garbage Collection (Allocation Stall) 12M(100%)->12M(100%)
[47.356s][info][gc] Allocation Stall (RMI TCP Connection(2)-192.168.56.1) 42.972ms
[47.376s][info][gc] GC(308) Garbage Collection (Allocation Stall) 12M(100%)->12M(100%)
[47.377s][info][gc] Allocation Stall (RMI TCP Connection(1)-192.168.56.1) 41.504ms
[47.401s][info][gc] GC(309) Garbage Collection (Allocation Stall) 12M(100%)->12M(100%)
[47.401s][info][gc] Allocation Stall (RMI TCP Connection(2)-192.168.56.1) 44.421ms
[47.437s][info][gc] GC(310) Garbage Collection (Allocation Stall) 12M(100%)->12M(100%)
[47.437s][info][gc] Allocation Stall (RMI TCP Connection(1)-192.168.56.1) 60.469ms
[47.474s][info][gc] GC(311) Garbage Collection (Allocation Stall) 12M(100%)->12M(100%)
[47.474s][info][gc] Allocation Stall (RMI TCP Connection(2)-192.168.56.1) 73.301ms
[47.496s][info][gc] GC(312) Garbage Collection (Allocation Stall) 12M(100%)->12M(100%)
[47.496s][info][gc] Allocation Stall (RMI TCP Connection(1)-192.168.56.1) 58.510ms
[47.516s][info][gc] Allocation Stall (RMI TCP Connection(2)-192.168.56.1) 41.208ms
[47.516s][info][gc] GC(313) Garbage Collection (Allocation Stall) 12M(100%)->12M(100%)
[47.537s][info][gc] GC(314) Garbage Collection (Allocation Stall) 12M(100%)->12M(100%)
[47.537s][info][gc] Allocation Stall (RMI TCP Connection(1)-192.168.56.1) 40.425ms
[47.560s][info][gc] GC(315) Garbage Collection (Allocation Stall) 12M(100%)->12M(100%)
[47.560s][info][gc] Allocation Stall (RMI TCP Connection(2)-192.168.56.1) 43.167ms
[47.582s][info][gc] GC(316) Garbage Collection (Allocation Stall) 12M(100%)->12M(100%)
[47.582s][info][gc] Allocation Stall (RMI TCP Connection(1)-192.168.56.1) 44.500ms
[47.607s][info][gc] Allocation Stall (RMI TCP Connection(2)-192.168.56.1) 47.471ms
[47.607s][info][gc] GC(317) Garbage Collection (Allocation Stall) 12M(100%)->12M(100%)
[47.629s][info][gc] GC(318) Garbage Collection (Allocation Stall) 12M(100%)->12M(100%)
[47.629s][info][gc] Allocation Stall (RMI TCP Connection(1)-192.168.56.1) 46.979ms
[47.650s][info][gc] Allocation Stall (RMI TCP Connection(2)-192.168.56.1) 41.947ms
[47.650s][info][gc] GC(319) Garbage Collection (Allocation Stall) 12M(100%)->12M(100%)
[47.670s][info][gc] GC(320) Garbage Collection (Allocation Stall) 12M(100%)->12M(100%)
[47.670s][info][gc] Allocation Stall (RMI TCP Connection(1)-192.168.56.1) 41.327ms
[47.692s][info][gc] GC(321) Garbage Collection (Allocation Stall) 12M(100%)->12M(100%)
[47.692s][info][gc] Allocation Stall (RMI TCP Connection(2)-192.168.56.1) 41.926ms
[47.715s][info][gc] GC(322) Garbage Collection (Allocation Stall) 12M(100%)->12M(100%)
[47.715s][info][gc] Allocation Stall (RMI TCP Connection(1)-192.168.56.1) 44.209ms
[47.740s][info][gc] GC(323) Garbage Collection (Allocation Stall) 12M(100%)->12M(100%)
[47.740s][info][gc] Allocation Stall (RMI TCP Connection(2)-192.168.56.1) 47.553ms
[47.760s][info][gc] GC(324) Garbage Collection (Allocation Stall) 12M(100%)->12M(100%)
[47.760s][info][gc] Allocation Stall (RMI TCP Connection(1)-192.168.56.1) 44.562ms
[47.781s][info][gc] Allocation Stall (RMI TCP Connection(2)-192.168.56.1) 41.069ms
[47.781s][info][gc] GC(325) Garbage Collection (Allocation Stall) 12M(100%)->12M(100%)
[47.801s][info][gc] GC(326) Garbage Collection (Allocation Stall) 12M(100%)->12M(100%)
[47.801s][info][gc] Allocation Stall (RMI TCP Connection(1)-192.168.56.1) 40.931ms
[47.822s][info][gc] Allocation Stall (RMI TCP Connection(2)-192.168.56.1) 40.820ms
[47.822s][info][gc] GC(327) Garbage Collection (Allocation Stall) 12M(100%)->12M(100%)
[47.843s][info][gc] Allocation Stall (RMI TCP Connection(1)-192.168.56.1) 41.912ms
[47.843s][info][gc] GC(328) Garbage Collection (Allocation Stall) 12M(100%)->12M(100%)
[47.864s][info][gc] GC(329) Garbage Collection (Allocation Stall) 12M(100%)->12M(100%)
[47.864s][info][gc] Allocation Stall (RMI TCP Connection(2)-192.168.56.1) 41.903ms
[47.885s][info][gc] Allocation Stall (RMI TCP Connection(1)-192.168.56.1) 41.037ms
[47.885s][info][gc] GC(330) Garbage Collection (Allocation Stall) 12M(100%)->12M(100%)
[47.907s][info][gc] GC(331) Garbage Collection (Allocation Stall) 12M(100%)->12M(100%)
[47.907s][info][gc] Allocation Stall (RMI TCP Connection(2)-192.168.56.1) 41.927ms
[47.931s][info][gc] Allocation Stall (RMI TCP Connection(1)-192.168.56.1) 45.907ms
[47.931s][info][gc] GC(332) Garbage Collection (Allocation Stall) 12M(100%)->12M(100%)
[47.953s][info][gc] Allocation Stall (RMI TCP Connection(2)-192.168.56.1) 46.293ms
[47.953s][info][gc] GC(333) Garbage Collection (Allocation Stall) 12M(100%)->12M(100%)
[47.975s][info][gc] Allocation Stall (RMI TCP Connection(1)-192.168.56.1) 43.461ms
[47.975s][info][gc] GC(334) Garbage Collection (Allocation Stall) 12M(100%)->12M(100%)
[47.996s][info][gc] GC(335) Garbage Collection (Allocation Stall) 12M(100%)->12M(100%)
[47.996s][info][gc] Allocation Stall (RMI TCP Connection(2)-192.168.56.1) 42.578ms
[48.018s][info][gc] GC(336) Garbage Collection (Allocation Stall) 12M(100%)->12M(100%)
[48.018s][info][gc] Allocation Stall (RMI TCP Connection(1)-192.168.56.1) 42.288ms
[48.039s][info][gc] GC(337) Garbage Collection (Allocation Stall) 12M(100%)->12M(100%)
[48.039s][info][gc] Allocation Stall (RMI TCP Connection(2)-192.168.56.1) 42.803ms
[48.061s][info][gc] GC(338) Garbage Collection (Allocation Stall) 12M(100%)->12M(100%)
[48.061s][info][gc] Allocation Stall (RMI TCP Connection(1)-192.168.56.1) 43.186ms
[48.084s][info][gc] GC(339) Garbage Collection (Allocation Stall) 12M(100%)->12M(100%)
[48.084s][info][gc] Allocation Stall (RMI TCP Connection(2)-192.168.56.1) 42.358ms
[48.107s][info][gc] GC(340) Garbage Collection (Allocation Stall) 12M(100%)->12M(100%)
[48.107s][info][gc] Allocation Stall (RMI TCP Connection(1)-192.168.56.1) 45.169ms
[48.129s][info][gc] GC(341) Garbage Collection (Allocation Stall) 12M(100%)->12M(100%)
[48.129s][info][gc] Allocation Stall (RMI TCP Connection(2)-192.168.56.1) 44.122ms
[48.151s][info][gc] GC(342) Garbage Collection (Allocation Stall) 12M(100%)->12M(100%)
[48.151s][info][gc] Allocation Stall (RMI TCP Connection(1)-192.168.56.1) 43.600ms
[48.172s][info][gc] GC(343) Garbage Collection (Allocation Stall) 12M(100%)->12M(100%)
[48.172s][info][gc] Allocation Stall (RMI TCP Connection(2)-192.168.56.1) 42.949ms
[48.193s][info][gc] Allocation Stall (RMI TCP Connection(1)-192.168.56.1) 41.505ms
[48.193s][info][gc] GC(344) Garbage Collection (Allocation Stall) 12M(100%)->12M(100%)
[48.215s][info][gc] GC(345) Garbage Collection (Allocation Stall) 12M(100%)->12M(100%)
[48.215s][info][gc] Allocation Stall (RMI TCP Connection(2)-192.168.56.1) 42.046ms
[48.238s][info][gc] GC(346) Garbage Collection (Allocation Stall) 12M(100%)->12M(100%)
[48.238s][info][gc] Allocation Stall (RMI TCP Connection(1)-192.168.56.1) 44.586ms
[48.258s][info][gc] GC(347) Garbage Collection (Allocation Stall) 12M(100%)->12M(100%)
[48.258s][info][gc] Allocation Stall (RMI TCP Connection(2)-192.168.56.1) 42.745ms
[48.258s][info][gc] Allocation Stall (main) 39.676ms
[48.277s][info][gc] GC(348) Garbage Collection (Allocation Stall) 12M(100%)->12M(100%)
[48.277s][info][gc] Allocation Stall (RMI TCP Connection(1)-192.168.56.1) 39.207ms
[48.298s][info][gc] GC(349) Garbage Collection (Allocation Stall) 12M(100%)->12M(100%)
[48.298s][info][gc] Allocation Stall (main) 40.289ms
[48.298s][info][gc] Allocation Stall (RMI TCP Connection(2)-192.168.56.1) 40.249ms
[48.322s][info][gc] GC(350) Garbage Collection (Allocation Stall) 12M(100%)->12M(100%)
[48.322s][info][gc] Allocation Stall (RMI TCP Connection(1)-192.168.56.1) 44.030ms
[48.342s][info][gc] GC(351) Garbage Collection (Allocation Stall) 12M(100%)->12M(100%)
[48.342s][info][gc] Allocation Stall (RMI TCP Connection(2)-192.168.56.1) 43.413ms
[48.342s][info][gc] Allocation Stall (main) 43.396ms
[48.363s][info][gc] GC(352) Garbage Collection (Allocation Stall) 12M(100%)->12M(100%)
[48.363s][info][gc] Allocation Stall (RMI TCP Connection(1)-192.168.56.1) 41.101ms
[48.384s][info][gc] GC(353) Garbage Collection (Allocation Stall) 12M(100%)->12M(100%)
[48.384s][info][gc] Allocation Stall (main) 41.324ms
[48.384s][info][gc] Allocation Stall (RMI TCP Connection(2)-192.168.56.1) 41.368ms
[48.404s][info][gc] GC(354) Garbage Collection (Allocation Stall) 12M(100%)->12M(100%)
[48.404s][info][gc] Allocation Stall (RMI TCP Connection(1)-192.168.56.1) 40.877ms
[48.441s][info][gc] GC(355) Garbage Collection (Allocation Stall) 12M(100%)->12M(100%)
[48.441s][info][gc] Allocation Stall (RMI TCP Connection(2)-192.168.56.1) 57.150ms
[48.441s][info][gc] Allocation Stall (main) 57.286ms
[48.467s][info][gc] GC(356) Garbage Collection (Allocation Stall) 12M(100%)->12M(100%)
[48.467s][info][gc] Allocation Stall (RMI TCP Connection(1)-192.168.56.1) 62.636ms
[48.493s][info][gc] GC(357) Garbage Collection (Allocation Stall) 12M(100%)->12M(100%)
[48.493s][info][gc] Allocation Stall (RMI TCP Connection(2)-192.168.56.1) 51.309ms
[48.493s][info][gc] Allocation Stall (main) 51.193ms
[48.516s][info][gc] GC(358) Garbage Collection (Allocation Stall) 12M(100%)->12M(100%)
[48.516s][info][gc] Allocation Stall (RMI TCP Connection(1)-192.168.56.1) 48.359ms
[48.545s][info][gc] GC(359) Garbage Collection (Allocation Stall) 12M(100%)->12M(100%)
[48.545s][info][gc] Allocation Stall (RMI TCP Connection(2)-192.168.56.1) 51.575ms
[48.545s][info][gc] Allocation Stall (main) 51.749ms
[48.569s][info][gc] GC(360) Garbage Collection (Allocation Stall) 12M(100%)->12M(100%)
[48.569s][info][gc] Allocation Stall (RMI TCP Connection(1)-192.168.56.1) 53.005ms
[48.590s][info][gc] Allocation Stall (RMI TCP Connection(2)-192.168.56.1) 44.236ms
[48.590s][info][gc] GC(361) Garbage Collection (Allocation Stall) 12M(100%)->12M(100%)
[48.590s][info][gc] Allocation Stall (main) 44.353ms
[48.611s][info][gc] GC(362) Garbage Collection (Allocation Stall) 12M(100%)->12M(100%)
[48.611s][info][gc] Allocation Stall (RMI TCP Connection(1)-192.168.56.1) 41.340ms
[48.631s][info][gc] GC(363) Garbage Collection (Allocation Stall) 12M(100%)->12M(100%)
[48.631s][info][gc] Allocation Stall (RMI TCP Connection(2)-192.168.56.1) 40.863ms
[48.631s][info][gc] Allocation Stall (main) 40.695ms
[48.653s][info][gc] GC(364) Garbage Collection (Allocation Stall) 12M(100%)->12M(100%)
[48.653s][info][gc] Allocation Stall (RMI TCP Connection(1)-192.168.56.1) 41.780ms
[48.675s][info][gc] GC(365) Garbage Collection (Allocation Stall) 12M(100%)->12M(100%)
[48.675s][info][gc] Allocation Stall (RMI TCP Connection(2)-192.168.56.1) 42.866ms
[48.675s][info][gc] Allocation Stall (main) 42.728ms
[48.696s][info][gc] GC(366) Garbage Collection (Allocation Stall) 12M(100%)->12M(100%)
[48.697s][info][gc] Allocation Stall (RMI TCP Connection(1)-192.168.56.1) 43.472ms
[48.717s][info][gc] GC(367) Garbage Collection (Allocation Stall) 12M(100%)->12M(100%)
[48.717s][info][gc] Allocation Stall (main) 42.221ms
[48.717s][info][gc] Allocation Stall (RMI TCP Connection(2)-192.168.56.1) 42.344ms
[48.739s][info][gc] GC(368) Garbage Collection (Allocation Stall) 12M(100%)->12M(100%)
[48.739s][info][gc] Allocation Stall (RMI TCP Connection(1)-192.168.56.1) 42.333ms
[48.761s][info][gc] GC(369) Garbage Collection (Allocation Stall) 12M(100%)->12M(100%)
[48.761s][info][gc] Allocation Stall (main) 43.034ms
[48.761s][info][gc] Allocation Stall (RMI TCP Connection(2)-192.168.56.1) 43.331ms
[48.782s][info][gc] GC(370) Garbage Collection (Allocation Stall) 12M(100%)->12M(100%)
[48.782s][info][gc] Allocation Stall (RMI TCP Connection(1)-192.168.56.1) 42.664ms
[48.803s][info][gc] GC(371) Garbage Collection (Allocation Stall) 12M(100%)->12M(100%)
[48.803s][info][gc] Allocation Stall (main) 41.197ms
[48.803s][info][gc] Allocation Stall (RMI TCP Connection(2)-192.168.56.1) 41.219ms
[48.836s][info][gc] GC(372) Garbage Collection (Allocation Stall) 12M(100%)->12M(100%)
[48.836s][info][gc] Allocation Stall (RMI TCP Connection(1)-192.168.56.1) 53.334ms
[48.836s][info][gc] Allocation Stall (RMI TCP Connection(2)-192.168.56.1) 32.716ms
[48.836s][info][gc] Out Of Memory (RMI TCP Connection(2)-192.168.56.1)
[48.864s][info][gc] GC(373) Garbage Collection (Allocation Stall) 12M(100%)->12M(100%)
[48.865s][info][gc] Allocation Stall (RMI TCP Connection(1)-192.168.56.1) 29.479ms
[48.865s][info][gc] Out Of Memory (RMI TCP Connection(1)-192.168.56.1)
[48.865s][info][gc] Allocation Stall (main) 58.610ms
[48.898s][info][gc] GC(374) Garbage Collection (Allocation Stall) 12M(100%)->12M(100%)
[48.902s][info][gc] Allocation Stall (main) 36.306ms
[48.902s][info][gc] Allocation Stall (RMI TCP Connection(2)-192.168.56.1) 65.131ms
[48.902s][info][gc] Out Of Memory (main)
[48.934s][info][gc] GC(375) Garbage Collection (Allocation Stall) 12M(100%)->12M(100%)
[48.934s][info][gc] Allocation Stall (RMI TCP Connection(2)-192.168.56.1) 31.816ms
[48.934s][info][gc] Out Of Memory (RMI TCP Connection(2)-192.168.56.1)
[48.956s][info][gc] Allocation Stall (RMI TCP Connection(2)-192.168.56.1) 22.345ms
[48.956s][info][gc] Allocation Stall (main) 54.167ms
[48.957s][info][gc] GC(376) Garbage Collection (Allocation Stall) 12M(100%)->12M(100%)
[48.957s][info][gc] Allocation Stall (RMI TCP Connection(1)-192.168.56.1) 22.553ms
