[0.023s][info][gc] Using The Z Garbage Collector
[0.270s][info][gc] GC(0) Garbage Collection (Warmup) 6M(25%)->6M(25%)
[0.379s][info][gc] GC(1) Garbage Collection (Warmup) 8M(33%)->4M(17%)
[5.270s][info][gc] GC(2) Garbage Collection (Warmup) 8M(33%)->8M(33%)
[5.616s][info][gc] GC(3) Garbage Collection (Allocation Rate) 22M(92%)->8M(33%)
[5.685s][info][gc] GC(4) Garbage Collection (Allocation Rate) 8M(33%)->8M(33%)
[5.771s][info][gc] GC(5) Garbage Collection (Allocation Rate) 8M(33%)->6M(25%)
[5.879s][info][gc] GC(6) Garbage Collection (Allocation Rate) 8M(33%)->6M(25%)
[5.972s][info][gc] GC(7) Garbage Collection (Allocation Rate) 8M(33%)->6M(25%)
[7.392s][info][gc] GC(8) Garbage Collection (Proactive) 14M(58%)->10M(42%)
[20.488s][info][gc] GC(9) Garbage Collection (Proactive) 14M(58%)->8M(33%)
[32.480s][info][gc] GC(10) Garbage Collection (Proactive) 12M(50%)->8M(33%)
[44.486s][info][gc] GC(11) Garbage Collection (Proactive) 12M(50%)->8M(33%)
[55.482s][info][gc] GC(12) Garbage Collection (Proactive) 12M(50%)->8M(33%)
[66.584s][info][gc] GC(13) Garbage Collection (Proactive) 12M(50%)->8M(33%)
[69.976s][info][gc] GC(14) Garbage Collection (Proactive) 12M(50%)->10M(42%)
[77.472s][info][gc] GC(15) Garbage Collection (Proactive) 14M(58%)->10M(42%)
[87.059s][info][gc] Allocation Stall (main) 17.972ms
[87.061s][info][gc] GC(16) Garbage Collection (Allocation Stall) 24M(100%)->14M(58%)
[87.080s][info][gc] Allocation Stall (main) 6.100ms
[87.081s][info][gc] GC(17) Garbage Collection (Allocation Rate) 16M(67%)->22M(92%)
[87.102s][info][gc] Allocation Stall (main) 15.755ms
[87.103s][info][gc] GC(18) Garbage Collection (Allocation Stall) 24M(100%)->16M(67%)
[87.178s][info][gc] GC(19) Garbage Collection (Allocation Rate) 22M(92%)->10M(42%)
[87.287s][info][gc] GC(20) Garbage Collection (Allocation Rate) 10M(42%)->10M(42%)
[87.381s][info][gc] GC(21) Garbage Collection (Allocation Rate) 10M(42%)->10M(42%)
[87.477s][info][gc] GC(22) Garbage Collection (Allocation Rate) 12M(50%)->12M(50%)
[87.583s][info][gc] GC(23) Garbage Collection (Allocation Rate) 12M(50%)->10M(42%)
[87.675s][info][gc] GC(24) Garbage Collection (Allocation Rate) 10M(42%)->10M(42%)
[87.781s][info][gc] GC(25) Garbage Collection (Allocation Rate) 10M(42%)->10M(42%)
[87.875s][info][gc] GC(26) Garbage Collection (Allocation Rate) 10M(42%)->10M(42%)
[88.280s][info][gc] GC(27) Garbage Collection (Allocation Rate) 10M(42%)->10M(42%)
[88.375s][info][gc] GC(28) Garbage Collection (Allocation Rate) 10M(42%)->10M(42%)
[88.493s][info][gc] GC(29) Garbage Collection (Allocation Rate) 12M(50%)->10M(42%)
[88.578s][info][gc] GC(30) Garbage Collection (Allocation Rate) 10M(42%)->10M(42%)
[88.672s][info][gc] GC(31) Garbage Collection (Allocation Rate) 10M(42%)->10M(42%)
[88.781s][info][gc] GC(32) Garbage Collection (Allocation Rate) 10M(42%)->10M(42%)
[88.875s][info][gc] GC(33) Garbage Collection (Allocation Rate) 10M(42%)->10M(42%)
[100.483s][info][gc] GC(34) Garbage Collection (Proactive) 14M(58%)->10M(42%)
[103.885s][info][gc] GC(35) Garbage Collection (Proactive) 14M(58%)->12M(50%)
[117.590s][info][gc] GC(36) Garbage Collection (Proactive) 16M(67%)->12M(50%)
[131.588s][info][gc] GC(37) Garbage Collection (Proactive) 16M(67%)->12M(50%)
[145.490s][info][gc] GC(38) Garbage Collection (Proactive) 16M(67%)->14M(58%)
[174.594s][info][gc] GC(39) Garbage Collection (Proactive) 18M(75%)->12M(50%)
[188.584s][info][gc] GC(40) Garbage Collection (Proactive) 16M(67%)->12M(50%)
[202.578s][info][gc] GC(41) Garbage Collection (Proactive) 16M(67%)->12M(50%)
[216.578s][info][gc] GC(42) Garbage Collection (Proactive) 16M(67%)->12M(50%)
[228.588s][info][gc] GC(43) Garbage Collection (Proactive) 16M(67%)->12M(50%)
[238.584s][info][gc] GC(44) Garbage Collection (Proactive) 16M(67%)->10M(42%)
[248.577s][info][gc] GC(45) Garbage Collection (Proactive) 14M(58%)->10M(42%)
[249.980s][info][gc] GC(46) Garbage Collection (Proactive) 14M(58%)->12M(50%)
[262.388s][info][gc] GC(47) Garbage Collection (Proactive) 16M(67%)->12M(50%)
[273.687s][info][gc] GC(48) Garbage Collection (Proactive) 16M(67%)->10M(42%)
[287.675s][info][gc] GC(49) Garbage Collection (Proactive) 14M(58%)->10M(42%)
[301.679s][info][gc] GC(50) Garbage Collection (Proactive) 14M(58%)->10M(42%)
[312.690s][info][gc] GC(51) Garbage Collection (Proactive) 14M(58%)->10M(42%)
[324.678s][info][gc] GC(52) Garbage Collection (Proactive) 14M(58%)->10M(42%)
[338.685s][info][gc] GC(53) Garbage Collection (Proactive) 14M(58%)->10M(42%)
[351.575s][info][gc] GC(54) Garbage Collection (Proactive) 14M(58%)->10M(42%)
