[0.025s][info][gc] Using G1
[0.392s][info][gc] GC(0) Pause Young (Normal) (G1 Evacuation Pause) 3M->2M(12M) 4.596ms
[1.124s][info][gc] GC(1) Pause Young (Normal) (G1 Evacuation Pause) 3M->2M(12M) 2.383ms
[1.164s][info][gc] GC(2) Pause Young (Normal) (G1 Evacuation Pause) 3M->3M(12M) 2.626ms
[5.746s][info][gc] GC(3) Pause Young (Normal) (G1 Evacuation Pause) 4M->3M(12M) 1.758ms
[5.774s][info][gc] GC(4) Pause Young (Normal) (G1 Evacuation Pause) 4M->4M(12M) 1.728ms
[5.797s][info][gc] GC(5) Pause Young (Normal) (G1 Evacuation Pause) 5M->4M(12M) 1.578ms
[5.877s][info][gc] GC(6) Pause Young (Normal) (G1 Evacuation Pause) 6M->4M(12M) 1.656ms
[5.953s][info][gc] GC(7) Pause Young (Normal) (G1 Evacuation Pause) 6M->4M(12M) 2.576ms
[5.971s][info][gc] GC(8) Pause Young (Normal) (G1 Evacuation Pause) 5M->5M(12M) 2.378ms
[5.991s][info][gc] GC(9) Pause Young (Normal) (G1 Evacuation Pause) 6M->5M(12M) 2.610ms
[6.013s][info][gc] GC(10) Pause Young (Normal) (G1 Evacuation Pause) 6M->4M(12M) 0.969ms
[6.026s][info][gc] GC(11) Pause Young (Normal) (G1 Evacuation Pause) 5M->5M(12M) 1.731ms
[6.039s][info][gc] GC(12) Pause Young (Normal) (G1 Evacuation Pause) 6M->4M(12M) 0.498ms
[6.289s][info][gc] GC(13) Pause Young (Normal) (G1 Evacuation Pause) 5M->4M(12M) 1.500ms
[6.354s][info][gc] GC(14) Pause Young (Normal) (G1 Evacuation Pause) 5M->5M(12M) 1.611ms
[6.421s][info][gc] GC(15) Pause Young (Normal) (G1 Evacuation Pause) 6M->5M(12M) 2.817ms
[6.570s][info][gc] GC(16) Pause Young (Normal) (G1 Evacuation Pause) 6M->5M(12M) 3.345ms
[6.622s][info][gc] GC(17) Pause Young (Concurrent Start) (G1 Evacuation Pause) 6M->5M(12M) 1.699ms
[6.622s][info][gc] GC(18) Concurrent Mark Cycle
[6.637s][info][gc] GC(18) Pause Remark 6M->6M(12M) 2.475ms
[6.641s][info][gc] GC(18) Pause Cleanup 6M->6M(12M) 0.032ms
[6.641s][info][gc] GC(18) Concurrent Mark Cycle 19.171ms
[6.663s][info][gc] GC(19) Pause Young (Prepare Mixed) (G1 Evacuation Pause) 6M->6M(12M) 1.811ms
[7.304s][info][gc] GC(20) Pause Young (Mixed) (G1 Evacuation Pause) 7M->5M(12M) 3.093ms
[11.729s][info][gc] GC(21) Pause Young (Concurrent Start) (G1 Evacuation Pause) 6M->6M(12M) 2.201ms
[11.729s][info][gc] GC(22) Concurrent Mark Cycle
[11.748s][info][gc] GC(22) Pause Remark 6M->6M(12M) 4.514ms
[11.754s][info][gc] GC(22) Pause Cleanup 6M->6M(12M) 0.038ms
[11.754s][info][gc] GC(22) Concurrent Mark Cycle 24.551ms
[17.710s][info][gc] GC(23) Pause Young (Normal) (G1 Evacuation Pause) 7M->5M(12M) 1.453ms
[23.726s][info][gc] GC(24) Pause Young (Concurrent Start) (G1 Evacuation Pause) 6M->5M(12M) 1.253ms
[23.726s][info][gc] GC(25) Concurrent Mark Cycle
[23.741s][info][gc] GC(25) Pause Remark 5M->5M(12M) 4.269ms
[23.745s][info][gc] GC(25) Pause Cleanup 5M->5M(12M) 0.087ms
[23.746s][info][gc] GC(25) Concurrent Mark Cycle 19.887ms
[34.732s][info][gc] GC(26) Pause Young (Prepare Mixed) (G1 Evacuation Pause) 7M->5M(12M) 1.651ms
[42.751s][info][gc] GC(27) Pause Young (Mixed) (G1 Evacuation Pause) 6M->5M(12M) 4.102ms
[53.740s][info][gc] GC(28) Pause Young (Concurrent Start) (G1 Humongous Allocation) 6M->5M(12M) 1.902ms
[53.740s][info][gc] GC(29) Concurrent Mark Cycle
[53.755s][info][gc] GC(29) Pause Remark 6M->6M(12M) 2.682ms
[53.761s][info][gc] GC(29) Pause Cleanup 6M->6M(12M) 0.077ms
[53.761s][info][gc] GC(29) Concurrent Mark Cycle 21.329ms
[68.765s][info][gc] GC(30) Pause Young (Prepare Mixed) (G1 Evacuation Pause) 8M->6M(12M) 2.010ms
[77.774s][info][gc] GC(31) Pause Young (Mixed) (G1 Evacuation Pause) 7M->6M(12M) 3.746ms
[81.021s][info][gc] GC(32) Pause Young (Concurrent Start) (G1 Humongous Allocation) 6M->6M(12M) 1.980ms
[81.021s][info][gc] GC(33) Concurrent Mark Cycle
[81.027s][info][gc] GC(34) Pause Young (Normal) (G1 Evacuation Pause) 8M->7M(12M) 1.667ms
[81.031s][info][gc] GC(35) Pause Young (Normal) (G1 Evacuation Pause) 8M->7M(12M) 1.633ms
[81.037s][info][gc] GC(36) Pause Young (Normal) (G1 Evacuation Pause) 8M->7M(12M) 1.456ms
[81.040s][info][gc] GC(33) Pause Remark 7M->7M(12M) 2.494ms
[81.044s][info][gc] GC(33) Pause Cleanup 8M->8M(12M) 0.036ms
[81.044s][info][gc] GC(33) Concurrent Mark Cycle 23.010ms
[81.054s][info][gc] GC(37) Pause Young (Normal) (G1 Evacuation Pause) 8M->7M(12M) 1.929ms
[81.065s][info][gc] GC(38) Pause Young (Concurrent Start) (G1 Evacuation Pause) 8M->7M(12M) 1.483ms
[81.066s][info][gc] GC(39) Concurrent Mark Cycle
[81.073s][info][gc] GC(40) Pause Young (Normal) (G1 Evacuation Pause) 8M->7M(12M) 1.292ms
[81.080s][info][gc] GC(41) Pause Young (Normal) (G1 Evacuation Pause) 8M->7M(12M) 1.076ms
[81.084s][info][gc] GC(39) Pause Remark 7M->7M(12M) 3.419ms
[81.086s][info][gc] GC(42) Pause Young (Normal) (G1 Evacuation Pause) 8M->7M(12M) 0.809ms
[81.089s][info][gc] GC(43) Pause Young (Normal) (G1 Evacuation Pause) 8M->7M(12M) 0.719ms
[81.089s][info][gc] GC(39) Pause Cleanup 8M->8M(12M) 0.029ms
[81.089s][info][gc] GC(39) Concurrent Mark Cycle 23.915ms
[81.091s][info][gc] GC(44) Pause Young (Normal) (G1 Evacuation Pause) 8M->7M(12M) 0.793ms
[81.094s][info][gc] GC(45) Pause Young (Concurrent Start) (G1 Evacuation Pause) 8M->7M(12M) 0.645ms
[81.094s][info][gc] GC(46) Concurrent Mark Cycle
[81.096s][info][gc] GC(47) Pause Young (Normal) (G1 Evacuation Pause) 8M->7M(12M) 0.522ms
[81.098s][info][gc] GC(48) Pause Young (Normal) (G1 Evacuation Pause) 8M->8M(12M) 0.458ms
[81.100s][info][gc] GC(49) Pause Young (Normal) (G1 Evacuation Pause) 9M->8M(12M) 0.506ms
[81.102s][info][gc] GC(50) Pause Young (Normal) (G1 Evacuation Pause) 9M->8M(12M) 0.469ms
[81.104s][info][gc] GC(51) Pause Young (Normal) (G1 Evacuation Pause) 9M->8M(12M) 0.489ms
[81.106s][info][gc] GC(52) Pause Young (Normal) (G1 Preventive Collection) 9M->8M(12M) 0.413ms
[81.108s][info][gc] GC(53) Pause Young (Normal) (G1 Preventive Collection) 9M->8M(12M) 0.472ms
[81.112s][info][gc] GC(46) Pause Remark 8M->8M(12M) 3.567ms
[81.114s][info][gc] GC(54) Pause Young (Normal) (G1 Preventive Collection) 9M->8M(12M) 0.411ms
[81.116s][info][gc] GC(55) Pause Young (Normal) (G1 Preventive Collection) 9M->8M(12M) 0.354ms
[81.116s][info][gc] GC(46) Pause Cleanup 8M->8M(12M) 0.028ms
[81.116s][info][gc] GC(46) Concurrent Mark Cycle 22.381ms
[81.118s][info][gc] GC(56) Pause Young (Normal) (G1 Preventive Collection) 9M->8M(12M) 0.339ms
[81.120s][info][gc] GC(57) Pause Young (Concurrent Start) (G1 Preventive Collection) 9M->8M(12M) 0.544ms
[81.120s][info][gc] GC(58) Concurrent Mark Cycle
[81.122s][info][gc] GC(59) Pause Young (Normal) (G1 Preventive Collection) 9M->8M(12M) 0.371ms
[81.126s][info][gc] GC(60) Pause Young (Normal) (G1 Preventive Collection) 9M->8M(12M) 0.602ms
[81.128s][info][gc] GC(61) Pause Young (Normal) (G1 Preventive Collection) 9M->8M(12M) 0.547ms
[81.140s][info][gc] GC(58) Pause Remark 9M->9M(12M) 5.249ms
[81.142s][info][gc] GC(62) Pause Young (Normal) (G1 Preventive Collection) 9M->8M(12M) 0.541ms
[81.145s][info][gc] GC(63) Pause Young (Normal) (G1 Preventive Collection) 9M->8M(12M) 0.480ms
[81.146s][info][gc] GC(64) Pause Young (Normal) (G1 Preventive Collection) 9M->8M(12M) 0.446ms
[81.146s][info][gc] GC(58) Pause Cleanup 9M->9M(12M) 0.029ms
[81.147s][info][gc] GC(58) Concurrent Mark Cycle 26.367ms
[81.149s][info][gc] GC(65) Pause Young (Prepare Mixed) (G1 Preventive Collection) 9M->7M(12M) 0.458ms
[84.793s][info][gc] GC(66) Pause Young (Mixed) (G1 Evacuation Pause) 8M->7M(12M) 3.009ms
[92.756s][info][gc] GC(67) Pause Young (Concurrent Start) (G1 Evacuation Pause) 8M->7M(12M) 1.121ms
[92.756s][info][gc] GC(68) Concurrent Mark Cycle
[92.766s][info][gc] GC(68) Pause Remark 7M->7M(12M) 2.523ms
[92.770s][info][gc] GC(68) Pause Cleanup 7M->7M(12M) 0.097ms
[92.770s][info][gc] GC(68) Concurrent Mark Cycle 13.815ms
[101.800s][info][gc] GC(69) Pause Young (Normal) (G1 Evacuation Pause) 8M->6M(12M) 1.121ms
[110.807s][info][gc] GC(70) Pause Young (Concurrent Start) (G1 Evacuation Pause) 7M->6M(12M) 0.950ms
[110.807s][info][gc] GC(71) Concurrent Mark Cycle
[110.817s][info][gc] GC(71) Pause Remark 7M->7M(12M) 2.547ms
[110.821s][info][gc] GC(71) Pause Cleanup 7M->7M(12M) 0.105ms
[110.821s][info][gc] GC(71) Concurrent Mark Cycle 14.104ms
[119.812s][info][gc] GC(72) Pause Young (Normal) (G1 Evacuation Pause) 7M->6M(12M) 1.165ms
[129.770s][info][gc] GC(73) Pause Young (Concurrent Start) (G1 Evacuation Pause) 7M->6M(12M) 0.953ms
[129.770s][info][gc] GC(74) Concurrent Mark Cycle
[129.781s][info][gc] GC(74) Pause Remark 6M->6M(12M) 2.612ms
[129.784s][info][gc] GC(74) Pause Cleanup 6M->6M(12M) 0.045ms
[129.785s][info][gc] GC(74) Concurrent Mark Cycle 14.830ms
[137.822s][info][gc] GC(75) Pause Young (Normal) (G1 Evacuation Pause) 7M->6M(12M) 0.847ms
[141.621s][info][gc] GC(76) Pause Young (Concurrent Start) (G1 Humongous Allocation) 7M->6M(12M) 1.039ms
[141.621s][info][gc] GC(77) Concurrent Mark Cycle
[141.634s][info][gc] GC(77) Pause Remark 7M->7M(12M) 2.550ms
[141.637s][info][gc] GC(77) Pause Cleanup 7M->7M(12M) 0.121ms
[141.637s][info][gc] GC(77) Concurrent Mark Cycle 15.867ms
[150.827s][info][gc] GC(78) Pause Young (Normal) (G1 Evacuation Pause) 8M->7M(12M) 0.822ms
[160.783s][info][gc] GC(79) Pause Young (Concurrent Start) (G1 Evacuation Pause) 8M->7M(12M) 0.738ms
[160.783s][info][gc] GC(80) Concurrent Mark Cycle
[160.793s][info][gc] GC(80) Pause Remark 7M->7M(12M) 2.547ms
[160.796s][info][gc] GC(80) Pause Cleanup 7M->7M(12M) 0.034ms
[160.796s][info][gc] GC(80) Concurrent Mark Cycle 13.495ms
[169.837s][info][gc] GC(81) Pause Young (Normal) (G1 Evacuation Pause) 8M->7M(12M) 0.690ms
[179.796s][info][gc] GC(82) Pause Young (Concurrent Start) (G1 Evacuation Pause) 8M->7M(12M) 0.738ms
[179.796s][info][gc] GC(83) Concurrent Mark Cycle
[179.815s][info][gc] GC(83) Pause Remark 7M->7M(12M) 3.459ms
[179.820s][info][gc] GC(83) Pause Cleanup 7M->7M(12M) 0.036ms
[179.821s][info][gc] GC(83) Concurrent Mark Cycle 24.780ms
[188.846s][info][gc] GC(84) Pause Young (Normal) (G1 Evacuation Pause) 8M->7M(12M) 0.747ms
[198.809s][info][gc] GC(85) Pause Young (Concurrent Start) (G1 Evacuation Pause) 8M->7M(12M) 1.255ms
[198.809s][info][gc] GC(86) Concurrent Mark Cycle
[198.829s][info][gc] GC(86) Pause Remark 7M->7M(12M) 3.257ms
[198.836s][info][gc] GC(86) Pause Cleanup 7M->7M(12M) 0.041ms
[198.837s][info][gc] GC(86) Concurrent Mark Cycle 27.848ms
[207.859s][info][gc] GC(87) Pause Young (Normal) (G1 Evacuation Pause) 8M->7M(12M) 1.038ms
[217.865s][info][gc] GC(88) Pause Young (Concurrent Start) (G1 Evacuation Pause) 8M->7M(12M) 0.786ms
[217.865s][info][gc] GC(89) Concurrent Mark Cycle
[217.876s][info][gc] GC(89) Pause Remark 8M->8M(12M) 2.426ms
[217.880s][info][gc] GC(89) Pause Cleanup 8M->8M(12M) 0.061ms
[217.880s][info][gc] GC(89) Concurrent Mark Cycle 14.679ms
[226.875s][info][gc] GC(90) Pause Young (Normal) (G1 Evacuation Pause) 8M->7M(12M) 0.695ms
[236.878s][info][gc] GC(91) Pause Young (Concurrent Start) (G1 Evacuation Pause) 8M->7M(12M) 0.751ms
[236.879s][info][gc] GC(92) Concurrent Mark Cycle
[236.890s][info][gc] GC(92) Pause Remark 8M->8M(12M) 3.752ms
[236.894s][info][gc] GC(92) Pause Cleanup 8M->8M(12M) 0.069ms
[236.894s][info][gc] GC(92) Concurrent Mark Cycle 15.558ms
[245.887s][info][gc] GC(93) Pause Young (Normal) (G1 Evacuation Pause) 8M->7M(12M) 0.785ms
[255.893s][info][gc] GC(94) Pause Young (Concurrent Start) (G1 Evacuation Pause) 8M->7M(12M) 0.954ms
[255.893s][info][gc] GC(95) Concurrent Mark Cycle
[255.906s][info][gc] GC(95) Pause Remark 8M->8M(12M) 3.578ms
[255.911s][info][gc] GC(95) Pause Cleanup 8M->8M(12M) 0.062ms
[255.911s][info][gc] GC(95) Concurrent Mark Cycle 17.497ms
[263.897s][info][gc] GC(96) Pause Young (Normal) (G1 Evacuation Pause) 8M->8M(12M) 0.740ms
[273.868s][info][gc] GC(97) Pause Young (Concurrent Start) (G1 Evacuation Pause) 9M->7M(12M) 0.680ms
[273.868s][info][gc] GC(98) Concurrent Mark Cycle
[273.885s][info][gc] GC(98) Pause Remark 8M->8M(12M) 5.246ms
[273.890s][info][gc] GC(98) Pause Cleanup 8M->8M(12M) 0.059ms
[273.890s][info][gc] GC(98) Concurrent Mark Cycle 22.043ms
[278.906s][info][gc] GC(99) Pause Young (Normal) (G1 Evacuation Pause) 8M->7M(12M) 0.959ms
[288.872s][info][gc] GC(100) Pause Young (Concurrent Start) (G1 Evacuation Pause) 8M->7M(12M) 0.768ms
[288.872s][info][gc] GC(101) Concurrent Mark Cycle
[288.887s][info][gc] GC(101) Pause Remark 7M->7M(12M) 2.905ms
[288.891s][info][gc] GC(101) Pause Cleanup 7M->7M(12M) 0.071ms
[288.891s][info][gc] GC(101) Concurrent Mark Cycle 18.798ms
[297.924s][info][gc] GC(102) Pause Young (Normal) (G1 Evacuation Pause) 8M->7M(12M) 0.794ms
[306.929s][info][gc] GC(103) Pause Young (Concurrent Start) (G1 Evacuation Pause) 8M->7M(12M) 0.878ms
[306.929s][info][gc] GC(104) Concurrent Mark Cycle
[306.941s][info][gc] GC(104) Pause Remark 7M->7M(12M) 3.635ms
[306.945s][info][gc] GC(104) Pause Cleanup 7M->7M(12M) 0.041ms
[306.945s][info][gc] GC(104) Concurrent Mark Cycle 15.986ms
[315.932s][info][gc] GC(105) Pause Young (Normal) (G1 Evacuation Pause) 8M->7M(12M) 0.869ms
[325.881s][info][gc] GC(106) Pause Young (Concurrent Start) (G1 Evacuation Pause) 8M->7M(12M) 0.884ms
[325.881s][info][gc] GC(107) Concurrent Mark Cycle
[325.892s][info][gc] GC(107) Pause Remark 7M->7M(12M) 2.794ms
[325.895s][info][gc] GC(107) Pause Cleanup 7M->7M(12M) 0.122ms
[325.895s][info][gc] GC(107) Concurrent Mark Cycle 13.975ms
[334.947s][info][gc] GC(108) Pause Young (Normal) (G1 Evacuation Pause) 8M->7M(12M) 0.827ms
[344.958s][info][gc] GC(109) Pause Young (Concurrent Start) (G1 Evacuation Pause) 8M->7M(12M) 1.013ms
[344.958s][info][gc] GC(110) Concurrent Mark Cycle
[344.969s][info][gc] GC(110) Pause Remark 7M->7M(12M) 3.679ms
[344.973s][info][gc] GC(110) Pause Cleanup 7M->7M(12M) 0.126ms
[344.973s][info][gc] GC(110) Concurrent Mark Cycle 15.169ms
[354.961s][info][gc] GC(111) Pause Young (Normal) (G1 Evacuation Pause) 8M->7M(12M) 0.784ms
[364.891s][info][gc] GC(112) Pause Young (Concurrent Start) (G1 Evacuation Pause) 8M->7M(12M) 1.000ms
[364.891s][info][gc] GC(113) Concurrent Mark Cycle
[364.910s][info][gc] GC(113) Pause Remark 7M->7M(12M) 5.475ms
[364.914s][info][gc] GC(113) Pause Cleanup 7M->7M(12M) 0.039ms
[364.914s][info][gc] GC(113) Concurrent Mark Cycle 22.752ms
[365.208s][info][gc] GC(114) Pause Young (Concurrent Start) (G1 Humongous Allocation) 7M->7M(12M) 1.009ms
[365.208s][info][gc] GC(115) Concurrent Mark Cycle
[365.220s][info][gc] GC(115) Pause Remark 8M->8M(12M) 2.611ms
[365.224s][info][gc] GC(115) Pause Cleanup 8M->8M(12M) 0.042ms
[365.224s][info][gc] GC(115) Concurrent Mark Cycle 16.320ms
[374.994s][info][gc] GC(116) Pause Young (Normal) (G1 Evacuation Pause) 9M->8M(12M) 0.660ms
[384.997s][info][gc] GC(117) Pause Young (Concurrent Start) (G1 Evacuation Pause) 9M->8M(12M) 0.750ms
[384.997s][info][gc] GC(118) Concurrent Mark Cycle
[385.011s][info][gc] GC(118) Pause Remark 8M->8M(12M) 2.672ms
[385.014s][info][gc] GC(118) Pause Cleanup 8M->8M(12M) 0.038ms
[385.015s][info][gc] GC(118) Concurrent Mark Cycle 17.425ms
[394.003s][info][gc] GC(119) Pause Young (Normal) (G1 Evacuation Pause) 9M->7M(12M) 0.875ms
[404.008s][info][gc] GC(120) Pause Young (Concurrent Start) (G1 Evacuation Pause) 8M->7M(12M) 1.054ms
[404.008s][info][gc] GC(121) Concurrent Mark Cycle
[404.020s][info][gc] GC(121) Pause Remark 7M->7M(12M) 3.829ms
[404.024s][info][gc] GC(121) Pause Cleanup 7M->7M(12M) 0.042ms
[404.024s][info][gc] GC(121) Concurrent Mark Cycle 16.405ms
[412.907s][info][gc] GC(122) Pause Young (Prepare Mixed) (G1 Evacuation Pause) 8M->7M(12M) 0.912ms
[422.024s][info][gc] GC(123) Pause Young (Mixed) (G1 Preventive Collection) 8M->6M(12M) 4.331ms
[432.025s][info][gc] GC(124) Pause Young (Concurrent Start) (G1 Evacuation Pause) 7M->6M(12M) 0.866ms
[432.025s][info][gc] GC(125) Concurrent Mark Cycle
[432.036s][info][gc] GC(125) Pause Remark 6M->6M(12M) 3.808ms
[432.040s][info][gc] GC(125) Pause Cleanup 6M->6M(12M) 0.118ms
[432.041s][info][gc] GC(125) Concurrent Mark Cycle 15.343ms
